###############################################################################
#
# IAR ELF Linker V8.30.1.114/W32 for ARM                  20/Sep/2023  08:16:19
# Copyright 2007-2018 IAR Systems AB.
#
#    Output file  =  
#        D:\A_Lavoro\Plugfest 2023\SW0280001\IAR\IAR_Debug\Exe\SW0280001.out
#    Map file     =  
#        D:\A_Lavoro\Plugfest 2023\SW0280001\IAR\IAR_Debug\List\SW0280001.map
#    Command line =  
#        -f C:\Users\POLID\AppData\Local\Temp\EW97B2.tmp ("D:\A_Lavoro\Plugfest
#        2023\SW0280001\IAR_Debug\Obj\ADC_0.o" "D:\A_Lavoro\Plugfest
#        2023\SW0280001\IAR_Debug\Obj\ADC_1.o" "D:\A_Lavoro\Plugfest
#        2023\SW0280001\IAR_Debug\Obj\adc_driver.o" "D:\A_Lavoro\Plugfest
#        2023\SW0280001\IAR_Debug\Obj\adc_irq.o" "D:\A_Lavoro\Plugfest
#        2023\SW0280001\IAR_Debug\Obj\adc_pal.o" "D:\A_Lavoro\Plugfest
#        2023\SW0280001\IAR_Debug\Obj\application.o" "D:\A_Lavoro\Plugfest
#        2023\SW0280001\IAR_Debug\Obj\AppTranslate.o" "D:\A_Lavoro\Plugfest
#        2023\SW0280001\IAR_Debug\Obj\boot.o" "D:\A_Lavoro\Plugfest
#        2023\SW0280001\IAR_Debug\Obj\canCom1.o" "D:\A_Lavoro\Plugfest
#        2023\SW0280001\IAR_Debug\Obj\clock_manager.o" "D:\A_Lavoro\Plugfest
#        2023\SW0280001\IAR_Debug\Obj\clock_S32K1xx.o" "D:\A_Lavoro\Plugfest
#        2023\SW0280001\IAR_Debug\Obj\clockMan1.o" "D:\A_Lavoro\Plugfest
#        2023\SW0280001\IAR_Debug\Obj\Cpu.o" "D:\A_Lavoro\Plugfest
#        2023\SW0280001\IAR_Debug\Obj\crc1.o" "D:\A_Lavoro\Plugfest
#        2023\SW0280001\IAR_Debug\Obj\crc_driver.o" "D:\A_Lavoro\Plugfest
#        2023\SW0280001\IAR_Debug\Obj\crc_hw_access.o" "D:\A_Lavoro\Plugfest
#        2023\SW0280001\IAR_Debug\Obj\digital.o" "D:\A_Lavoro\Plugfest
#        2023\SW0280001\IAR_Debug\Obj\dmaController1.o" "D:\A_Lavoro\Plugfest
#        2023\SW0280001\IAR_Debug\Obj\edma_driver.o" "D:\A_Lavoro\Plugfest
#        2023\SW0280001\IAR_Debug\Obj\edma_hw_access.o" "D:\A_Lavoro\Plugfest
#        2023\SW0280001\IAR_Debug\Obj\edma_irq.o" "D:\A_Lavoro\Plugfest
#        2023\SW0280001\IAR_Debug\Obj\error.o" "D:\A_Lavoro\Plugfest
#        2023\SW0280001\IAR_Debug\Obj\flash.o" "D:\A_Lavoro\Plugfest
#        2023\SW0280001\IAR_Debug\Obj\flash_driver.o" "D:\A_Lavoro\Plugfest
#        2023\SW0280001\IAR_Debug\Obj\flexcan_driver.o" "D:\A_Lavoro\Plugfest
#        2023\SW0280001\IAR_Debug\Obj\flexcan_hw_access.o"
#        "D:\A_Lavoro\Plugfest 2023\SW0280001\IAR_Debug\Obj\flexcan_irq.o"
#        "D:\A_Lavoro\Plugfest 2023\SW0280001\IAR_Debug\Obj\flexio_common.o"
#        "D:\A_Lavoro\Plugfest 2023\SW0280001\IAR_Debug\Obj\flexio_M4.o"
#        "D:\A_Lavoro\Plugfest
#        2023\SW0280001\IAR_Debug\Obj\flexio_spi_driver.o"
#        "D:\A_Lavoro\Plugfest
#        2023\SW0280001\IAR_Debug\Obj\interrupt_manager.o"
#        "D:\A_Lavoro\Plugfest 2023\SW0280001\IAR_Debug\Obj\isobus.o"
#        "D:\A_Lavoro\Plugfest 2023\SW0280001\IAR_Debug\Obj\lpit_driver.o"
#        "D:\A_Lavoro\Plugfest 2023\SW0280001\IAR_Debug\Obj\lpspi_hw_access.o"
#        "D:\A_Lavoro\Plugfest 2023\SW0280001\IAR_Debug\Obj\lpspi_irq.o"
#        "D:\A_Lavoro\Plugfest
#        2023\SW0280001\IAR_Debug\Obj\lpspi_master_driver.o"
#        "D:\A_Lavoro\Plugfest 2023\SW0280001\IAR_Debug\Obj\LPSPI_MLX_1.o"
#        "D:\A_Lavoro\Plugfest 2023\SW0280001\IAR_Debug\Obj\LPSPI_MLX_2.o"
#        "D:\A_Lavoro\Plugfest
#        2023\SW0280001\IAR_Debug\Obj\lpspi_shared_function.o"
#        "D:\A_Lavoro\Plugfest
#        2023\SW0280001\IAR_Debug\Obj\lpspi_slave_driver.o"
#        "D:\A_Lavoro\Plugfest 2023\SW0280001\IAR_Debug\Obj\LPSPI_TLF.o"
#        "D:\A_Lavoro\Plugfest 2023\SW0280001\IAR_Debug\Obj\main.o"
#        "D:\A_Lavoro\Plugfest 2023\SW0280001\IAR_Debug\Obj\memdata.o"
#        "D:\A_Lavoro\Plugfest 2023\SW0280001\IAR_Debug\Obj\mlx.o"
#        "D:\A_Lavoro\Plugfest 2023\SW0280001\IAR_Debug\Obj\MyFlash.o"
#        "D:\A_Lavoro\Plugfest 2023\SW0280001\IAR_Debug\Obj\MySysTmr.o"
#        "D:\A_Lavoro\Plugfest 2023\SW0280001\IAR_Debug\Obj\osif_baremetal.o"
#        "D:\A_Lavoro\Plugfest 2023\SW0280001\IAR_Debug\Obj\pdb_driver.o"
#        "D:\A_Lavoro\Plugfest 2023\SW0280001\IAR_Debug\Obj\pdb_hw_access.o"
#        "D:\A_Lavoro\Plugfest 2023\SW0280001\IAR_Debug\Obj\pin_mux.o"
#        "D:\A_Lavoro\Plugfest 2023\SW0280001\IAR_Debug\Obj\pins_driver.o"
#        "D:\A_Lavoro\Plugfest
#        2023\SW0280001\IAR_Debug\Obj\pins_port_hw_access.o"
#        "D:\A_Lavoro\Plugfest 2023\SW0280001\IAR_Debug\Obj\pool.o"
#        "D:\A_Lavoro\Plugfest 2023\SW0280001\IAR_Debug\Obj\queue.o"
#        "D:\A_Lavoro\Plugfest 2023\SW0280001\IAR_Debug\Obj\roller.o"
#        "D:\A_Lavoro\Plugfest 2023\SW0280001\IAR_Debug\Obj\S32K_Adc.o"
#        "D:\A_Lavoro\Plugfest 2023\SW0280001\IAR_Debug\Obj\S32K_CanDma.o"
#        "D:\A_Lavoro\Plugfest 2023\SW0280001\IAR_Debug\Obj\S32K_Driver.o"
#        "D:\A_Lavoro\Plugfest 2023\SW0280001\IAR_Debug\Obj\S32K_Flash.o"
#        "D:\A_Lavoro\Plugfest 2023\SW0280001\IAR_Debug\Obj\S32K_flexSpi.o"
#        "D:\A_Lavoro\Plugfest 2023\SW0280001\IAR_Debug\Obj\S32K_LpSpi.o"
#        "D:\A_Lavoro\Plugfest
#        2023\SW0280001\IAR_Debug\Obj\S32K_ObjectConfig.o"
#        "D:\A_Lavoro\Plugfest 2023\SW0280001\IAR_Debug\Obj\S32K_SysPin.o"
#        "D:\A_Lavoro\Plugfest 2023\SW0280001\IAR_Debug\Obj\S32K_Timer.o"
#        "D:\A_Lavoro\Plugfest 2023\SW0280001\IAR_Debug\Obj\saej1939.o"
#        "D:\A_Lavoro\Plugfest 2023\SW0280001\IAR_Debug\Obj\startup.o"
#        "D:\A_Lavoro\Plugfest 2023\SW0280001\IAR_Debug\Obj\startup_S32K144.o"
#        "D:\A_Lavoro\Plugfest 2023\SW0280001\IAR_Debug\Obj\supply.o"
#        "D:\A_Lavoro\Plugfest 2023\SW0280001\IAR_Debug\Obj\system_S32K144.o"
#        "D:\A_Lavoro\Plugfest 2023\SW0280001\IAR_Debug\Obj\TLF_Spi.o"
#        "D:\A_Lavoro\Plugfest 2023\SW0280001\IAR_Debug\Obj\trgmux_driver.o"
#        "D:\A_Lavoro\Plugfest 2023\SW0280001\IAR_Debug\Obj\trgmux_hw_access.o"
#        --no_out_extension -o "D:\A_Lavoro\Plugfest
#        2023\SW0280001\IAR\IAR_Debug\Exe\SW0280001.out" --map
#        "D:\A_Lavoro\Plugfest 2023\SW0280001\IAR\IAR_Debug\List\SW0280001.map"
#        --config "D:\A_Lavoro\Plugfest
#        2023\SW0280001\IAR\linker_Files\S32K144_64_flash.icf" --semihosting
#        --entry __iar_program_start --vfe --text_out locale)
#
###############################################################################

*******************************************************************************
*** RUNTIME MODEL ATTRIBUTES
***

CppFlavor       = *
__Heap_Handler  = NoFree
__SystemLibrary = DLib
__dlib_version  = 6


*******************************************************************************
*** HEAP SELECTION
***

The no free heap was selected because no calls to memory
deallocation functions were found in the application.


*******************************************************************************
*** PLACEMENT SUMMARY
***

"A0":  place at 0x1020 { ro section .intvec };
"P1":  place in [from 0x1420 to 0x142f] { section FlashConfig };
"P2":  place in [from 0x1020 to 0x141f] |
                [from 0x1430 to 0x7'ffff] { ro };
define block __CODE_ROM { section .textrw_init };
"P3":  place in [from 0x1020 to 0x141f] |
                [from 0x1430 to 0x7'ffff] { block __CODE_ROM };
define block RW { rw };
"P4":  place in [from 0x1fff'8400 to 0x1fff'efff] { block RW };
define block __CODE_RAM { section .textrw };
"P5":  place in [from 0x1fff'8400 to 0x1fff'efff] { block __CODE_RAM };
define block customSectionBlock { section .customSection };
"P6":  place in [from 0x1fff'f000 to 0x2000'6bff] { block customSectionBlock };
define block ZI { zi };
"P7":  place in [from 0x1fff'f000 to 0x2000'6bff] { block ZI };
define block CSTACK with size = 1K, alignment = 8 { };
"P9":  place in [from 0x2000'6c00 to 0x2000'6fff] { block CSTACK };
do not initialize {
   section .noinit, section .bss, section .data, section __DLIB_PERTHREAD,
   section .customSection };
initialize manually with packing = copy, complex ranges { section .textrw };
initialize manually with packing = copy, complex ranges { section .data };

No sections matched the following patterns:

  section .customSection    in block customSectionBlock
  section m_interrupts_ram  in "P10"


  Section              Kind         Address     Size  Object
  -------              ----         -------     ----  ------
"A0":                                          0x400
  .intvec              ro code       0x1020    0x400  startup_S32K144.o [1]
                                   - 0x1420    0x400

"P1":                                           0x10
  FlashConfig          ro code       0x1420     0x10  startup_S32K144.o [1]
                                   - 0x1430     0x10

Absolute sections:                              0x10
  .rodata              const         0x1430      0x4  boot.o [1]
  .rodata              const         0x1434      0x4  boot.o [1]
  .rodata              const         0x1438      0x4  boot.o [1]
  .rodata              const         0x143c      0x4  boot.o [1]
                                   - 0x1440     0x10

"P2-P3":                                     0x43cb4
  .rodata              const         0x1440  0x11d48  pool.o [1]
  .rodata              const       0x1'3188   0xd164  pool.o [1]
  .rodata              const       0x2'02ec   0x7894  pool.o [1]
  .text                ro code     0x2'7b80   0x5e7c  isobus.o [1]
  .text                ro code     0x2'd9fc    0xab0  AppTranslate.o [1]
  .text                ro code     0x2'e4ac   0x5590  saej1939.o [1]
  .text                ro code     0x3'3a3c     0x66  ABImemset.o [4]
  .rodata              const       0x3'3aa2      0x2  adc_driver.o [1]
  .text                ro code     0x3'3aa4    0x514  memdata.o [1]
  .text                ro code     0x3'3fb8    0xb5c  digital.o [1]
  .text                ro code     0x3'4b14    0x368  S32K_SysPin.o [1]
  .text                ro code     0x3'4e7c     0x60  pins_driver.o [1]
  .text                ro code     0x3'4edc    0x5d0  S32K_CanDma.o [1]
  .text                ro code     0x3'54ac     0xa6  ABImemcpy.o [4]
  .rodata              const       0x3'5552      0x2  adc_pal.o [1]
  .text                ro code     0x3'5554    0x378  S32K_Adc.o [1]
  .text                ro code     0x3'58cc     0x94  error.o [1]
  .text                ro code     0x3'5960   0x18f8  mlx.o [1]
  .text                ro code     0x3'7258    0xcc4  roller.o [1]
  .text                ro code     0x3'7f1c    0x27c  application.o [1]
  .text                ro code     0x3'8198    0x4dc  supply.o [1]
  .text                ro code     0x3'8674    0x854  flash.o [1]
  .text                ro code     0x3'8ec8    0x188  crc_driver.o [1]
  .text                ro code     0x3'9050    0x17c  clock_manager.o [1]
  .text                ro code     0x3'91cc    0x156  pins_port_hw_access.o [1]
  .rodata              const       0x3'9322      0x2  MySysTmr.o [1]
  .text                ro code     0x3'9324    0xccc  flexcan_driver.o [1]
  .text                ro code     0x3'9ff0     0xee  queue.o [1]
  .rodata              const       0x3'a0de      0x2  pdb_driver.o [1]
  .text                ro code     0x3'a0e0    0x13c  interrupt_manager.o [1]
  .text                ro code     0x3'a21c    0x42c  adc_pal.o [1]
  .text                ro code     0x3'a648    0x264  S32K_LpSpi.o [1]
  .text                ro code     0x3'a8ac     0xe0  S32K_Timer.o [1]
  .text                ro code     0x3'a98c    0x104  S32K_Flash.o [1]
  .text                ro code     0x3'aa90    0x166  crc_hw_access.o [1]
  .rodata              const       0x3'abf6      0x2  pdb_driver.o [1]
  .text                ro code     0x3'abf8   0x1a8c  clock_S32K1xx.o [1]
  .text                ro code     0x3'c684    0xa2c  flexcan_hw_access.o [1]
  .text                ro code     0x3'd0b0    0x17c  osif_baremetal.o [1]
  .text                ro code     0x3'd22c    0x6ac  edma_driver.o [1]
  .text                ro code     0x3'd8d8    0x6d4  adc_driver.o [1]
  .text                ro code     0x3'dfac     0x5c  trgmux_driver.o [1]
  .text                ro code     0x3'e008    0x190  pdb_driver.o [1]
  .text                ro code     0x3'e198    0x884  lpspi_master_driver.o [1]
  .text                ro code     0x3'ea1c    0x574  lpspi_slave_driver.o [1]
  .text                ro code     0x3'ef90    0x560  lpit_driver.o [1]
  .text                ro code     0x3'f4f0     0x38  main.o [1]
  Veneer               ro code     0x3'f528      0x8  - Linker created -
  .text                ro code     0x3'f530    0x37c  flash_driver.o [1]
  .text                ro code     0x3'f8ac    0x272  edma_hw_access.o [1]
  .text                ro code     0x3'fb1e      0x2  startup_S32K144.o [1]
  .text                ro code     0x3'fb20     0x88  trgmux_hw_access.o [1]
  .text                ro code     0x3'fba8    0x2c2  pdb_hw_access.o [1]
  .text                ro code     0x3'fe6a      0x2  startup_S32K144.o [1]
  .text                ro code     0x3'fe6c    0x2a4  lpspi_hw_access.o [1]
  .text                ro code     0x4'0110      0x6  ABImemclr4.o [4]
  .text                ro code     0x4'0116      0x2  startup_S32K144.o [1]
  .text                ro code     0x4'0118    0x26c  lpspi_shared_function.o [1]
  .text                ro code     0x4'0384    0x230  I64DivMod.o [4]
  .text                ro code     0x4'05b4    0x23a  S32K_Driver.o [1]
  .text                ro code     0x4'07ee      0x2  startup_S32K144.o [1]
  .text                ro code     0x4'07f0     0x32  ABImemset48.o [4]
  .text                ro code     0x4'0822      0x2  startup_S32K144.o [1]
  .text                ro code     0x4'0824      0x2  I64DivZer.o [4]
  .text                ro code     0x4'0826      0x2  startup_S32K144.o [1]
  .text                ro code     0x4'0828     0xa4  S32K_flexSpi.o [1]
  .text                ro code     0x4'08cc    0x87c  TLF_Spi.o [1]
  .text                ro code     0x4'1148    0x3d0  flexio_common.o [1]
  .text                ro code     0x4'1518    0xaf8  flexio_spi_driver.o [1]
  .data_init                       0x4'2010    0xbd8  <Block>
    Initializer bytes  const       0x4'2010    0xbd8  <for .data-1>
  .rodata              const       0x4'2be8    0x8c0  memdata.o [1]
  .rodata              const       0x4'34a8    0x5a0  saej1939.o [1]
  .rodata              const       0x4'3a48    0x2c4  pool.o [1]
  .rodata              const       0x4'3d0c    0x198  pool.o [1]
  .rodata              const       0x4'3ea4    0x164  pool.o [1]
  .rodata              const       0x4'4008    0x154  pool.o [1]
  .rodata              const       0x4'415c    0x100  mlx.o [1]
  .rodata              const       0x4'425c     0xd8  S32K_ObjectConfig.o [1]
  .text                ro code     0x4'4334     0xd2  edma_irq.o [1]
  .text                ro code     0x4'4406      0x2  startup_S32K144.o [1]
  .text                ro code     0x4'4408     0xc4  startup.o [1]
  .rodata              const       0x4'44cc     0xb8  pool.o [1]
  .rodata              const       0x4'4584     0xa0  clock_S32K1xx.o [1]
  .rodata              const       0x4'4624     0x9c  S32K_ObjectConfig.o [1]
  .text                ro code     0x4'46c0     0x82  flexcan_irq.o [1]
  .text                ro code     0x4'4742      0x2  startup_S32K144.o [1]
  .rodata              const       0x4'4744     0x78  pool.o [1]
  .rodata              const       0x4'47bc     0x78  pool.o [1]
  .rodata              const       0x4'4834     0x78  roller.o [1]
  .rodata              const       0x4'48ac     0x74  pool.o [1]
  .rodata              const       0x4'4920     0x74  pool.o [1]
  .rodata              const       0x4'4994     0x6c  pool.o [1]
  .rodata              const       0x4'4a00     0x64  pool.o [1]
  .rodata              const       0x4'4a64     0x60  pool.o [1]
  .rodata              const       0x4'4ac4     0x50  clock_S32K1xx.o [1]
  .text                ro code     0x4'4b14     0x48  system_S32K144.o [1]
  .rodata              const       0x4'4b5c     0x40  mlx.o [1]
  .text                ro code     0x4'4b9c     0x3c  startup_S32K144.o [1]
  .rodata              const       0x4'4bd8     0x38  canCom1.o [1]
  .rodata              const       0x4'4c10     0x38  pool.o [1]
  __CODE_ROM                       0x4'4c48     0x38  <Block>
    Initializer bytes  const       0x4'4c48     0x38  <for __CODE_RAM-1>
  .rodata              const       0x4'4c80     0x30  ADC_0.o [1]
  .rodata              const       0x4'4cb0     0x30  ADC_1.o [1]
  .rodata              const       0x4'4ce0     0x30  saej1939.o [1]
  .rodata              const       0x4'4d10     0x24  clock_S32K1xx.o [1]
  .text                ro code     0x4'4d34     0x22  fpinit_M.o [3]
  .rodata              const       0x4'4d56      0x1  flexio_common.o [1]
  .rodata              const       0x4'4d57      0x1  flexio_common.o [1]
  .rodata              const       0x4'4d58     0x20  lpspi_hw_access.o [1]
  .rodata              const       0x4'4d78     0x20  lpspi_master_driver.o [1]
  .rodata              const       0x4'4d98     0x20  LPSPI_MLX_1.o [1]
  .rodata              const       0x4'4db8     0x20  LPSPI_MLX_2.o [1]
  .rodata              const       0x4'4dd8     0x20  LPSPI_TLF.o [1]
  .rodata              const       0x4'4df8     0x20  pool.o [1]
  .text                ro code     0x4'4e18     0x1e  lpspi_irq.o [1]
  .rodata              const       0x4'4e36      0x1  lpit_driver.o [1]
  .text                ro code     0x4'4e38     0x1e  cmain.o [4]
  .text                ro code     0x4'4e56      0x4  low_level_init.o [2]
  .text                ro code     0x4'4e5a      0x4  exit.o [2]
  .text                ro code     0x4'4e60      0xa  cexit.o [4]
  .text                ro code     0x4'4e6c     0x14  exit.o [5]
  .rodata              const       0x4'4e80     0x1c  flexio_M4.o [1]
  .rodata              const       0x4'4e9c     0x1c  mlx.o [1]
  .rodata              const       0x4'4eb8     0x1c  mlx.o [1]
  .rodata              const       0x4'4ed4     0x1c  roller.o [1]
  .rodata              const       0x4'4ef0     0x1c  roller.o [1]
  .rodata              const       0x4'4f0c     0x1c  saej1939.o [1]
  .rodata              const       0x4'4f28     0x18  saej1939.o [1]
  .rodata              const       0x4'4f40     0x14  memdata.o [1]
  .rodata              const       0x4'4f54     0x14  MyFlash.o [1]
  .rodata              const       0x4'4f68     0x14  S32K_SysPin.o [1]
  .text                ro code     0x4'4f7c     0x14  adc_irq.o [1]
  .rodata              const       0x4'4f90     0x10  clock_S32K1xx.o [1]
  .rodata              const       0x4'4fa0     0x10  crc1.o [1]
  .rodata              const       0x4'4fb0     0x10  isobus.o [1]
  .rodata              const       0x4'4fc0     0x10  saej1939.o [1]
  .rodata              const       0x4'4fd0      0xc  ADC_0.o [1]
  .rodata              const       0x4'4fdc      0xc  ADC_1.o [1]
  .rodata              const       0x4'4fe8      0xc  clock_S32K1xx.o [1]
  .rodata              const       0x4'4ff4      0xc  clock_S32K1xx.o [1]
  .rodata              const       0x4'5000      0xc  flexcan_driver.o [1]
  .rodata              const       0x4'500c      0xc  flexcan_hw_access.o [1]
  .rodata              const       0x4'5018      0xc  flexcan_hw_access.o [1]
  .rodata              const       0x4'5024      0xc  flexcan_irq.o [1]
  .rodata              const       0x4'5030      0xc  memdata.o [1]
  .rodata              const       0x4'503c      0xc  memdata.o [1]
  .rodata              const       0x4'5048      0xc  saej1939.o [1]
  .text                ro code     0x4'5054      0xc  cstartup_M.o [4]
  .rodata              const       0x4'5060      0x8  adc_driver.o [1]
  .rodata              const       0x4'5068      0x8  adc_driver.o [1]
  .rodata              const       0x4'5070      0x8  adc_driver.o [1]
  .rodata              const       0x4'5078      0x8  adc_driver.o [1]
  .rodata              const       0x4'5080      0x8  adc_driver.o [1]
  .rodata              const       0x4'5088      0x8  adc_driver.o [1]
  .rodata              const       0x4'5090      0x8  flexcan_driver.o [1]
  .rodata              const       0x4'5098      0x8  pdb_driver.o [1]
  .rodata              const       0x4'50a0      0x8  roller.o [1]
  .rodata              const       0x4'50a8      0x8  roller.o [1]
  .rodata              const       0x4'50b0      0x8  saej1939.o [1]
  .rodata              const       0x4'50b8      0x8  saej1939.o [1]
  .rodata              const       0x4'50c0      0x4  crc_driver.o [1]
  .rodata              const       0x4'50c4      0x4  edma_driver.o [1]
  .rodata              const       0x4'50c8      0x4  edma_driver.o [1]
  .rodata              const       0x4'50cc      0x4  flexcan_driver.o [1]
  .rodata              const       0x4'50d0      0x4  flexcan_driver.o [1]
  .rodata              const       0x4'50d4      0x4  flexcan_driver.o [1]
  .rodata              const       0x4'50d8      0x4  flexio_common.o [1]
  .rodata              const       0x4'50dc      0x4  flexio_common.o [1]
  .rodata              const       0x4'50e0      0x4  lpit_driver.o [1]
  .rodata              const       0x4'50e4      0x4  lpit_driver.o [1]
  .rodata              const       0x4'50e8      0x4  startup.o [1]
  .rodata              const       0x4'50ec      0x4  trgmux_driver.o [1]
  .text                ro code     0x4'50f0      0x4  startup_S32K144.o [1]
                                 - 0x4'50f4  0x43cb4

"P4-P5":                                       0xc10
  RW                            0x1fff'8400    0xbd8  <Block>
    .data                       0x1fff'8400    0xbd8  <Block>
      .data-1                   0x1fff'8400    0xbd8  <Init block>
        .data          inited   0x1fff'8400      0x8  ADC_0.o [1]
        .data          inited   0x1fff'8408      0xc  ADC_0.o [1]
        .data          inited   0x1fff'8414      0x8  ADC_0.o [1]
        .data          inited   0x1fff'841c      0x8  ADC_1.o [1]
        .data          inited   0x1fff'8424      0xc  ADC_1.o [1]
        .data          inited   0x1fff'8430      0x8  ADC_1.o [1]
        .data          inited   0x1fff'8438     0xa0  clock_S32K1xx.o [1]
        .data          inited   0x1fff'84d8     0x74  clockMan1.o [1]
        .data          inited   0x1fff'854c     0x78  clockMan1.o [1]
        .data          inited   0x1fff'85c4      0x4  clockMan1.o [1]
        .data          inited   0x1fff'85c8     0xfc  digital.o [1]
        .data          inited   0x1fff'86c4      0xc  lpspi_shared_function.o [1]
        .data          inited   0x1fff'86d0      0x4  lpspi_shared_function.o [1]
        .data          inited   0x1fff'86d4     0x18  MySysTmr.o [1]
        .data          inited   0x1fff'86ec    0x858  pin_mux.o [1]
        .data          inited   0x1fff'8f44      0x4  S32K_CanDma.o [1]
        .data          inited   0x1fff'8f48     0x28  S32K_CanDma.o [1]
        .data          inited   0x1fff'8f70      0x4  S32K_flexSpi.o [1]
        .data          inited   0x1fff'8f74     0x30  S32K_LpSpi.o [1]
        .data          inited   0x1fff'8fa4      0xc  S32K_LpSpi.o [1]
        .data          inited   0x1fff'8fb0     0x14  S32K_SysPin.o [1]
        .data          inited   0x1fff'8fc4      0x4  saej1939.o [1]
        .data          inited   0x1fff'8fc8      0x4  saej1939.o [1]
        .data          inited   0x1fff'8fcc      0x2  flash.o [1]
        .data          inited   0x1fff'8fce      0x1  application.o [1]
        .data          inited   0x1fff'8fcf      0x1  digital.o [1]
        .data          inited   0x1fff'8fd0      0x1  isobus.o [1]
        .data          inited   0x1fff'8fd1      0x1  isobus.o [1]
        .data          inited   0x1fff'8fd2      0x1  isobus.o [1]
        .data          inited   0x1fff'8fd3      0x1  isobus.o [1]
        .data          inited   0x1fff'8fd4      0x1  mlx.o [1]
        .data          inited   0x1fff'8fd5      0x1  roller.o [1]
        .data          inited   0x1fff'8fd6      0x1  saej1939.o [1]
        .data          inited   0x1fff'8fd7      0x1  saej1939.o [1]
  __CODE_RAM                    0x1fff'8fd8     0x38  <Block>
    __CODE_RAM-1                0x1fff'8fd8     0x38  <Init block>
      .textrw          inited   0x1fff'8fd8     0x38  flash_driver.o [1]
                              - 0x1fff'9010    0xc10

"P6-P7":                                      0x70b3
  ZI                            0x1fff'f000   0x70b3  <Block>
    .bss                        0x1fff'f000   0x70b3  <Block>
      .bss             uninit   0x1fff'f000      0xc  ADC_0.o [1]
      .bss             uninit   0x1fff'f00c      0x8  ADC_0.o [1]
      .bss             uninit   0x1fff'f014      0xc  ADC_1.o [1]
      .bss             uninit   0x1fff'f020      0x8  ADC_1.o [1]
      .bss             uninit   0x1fff'f028     0x28  adc_pal.o [1]
      .bss             uninit   0x1fff'f050      0x4  application.o [1]
      .bss             uninit   0x1fff'f054      0x4  application.o [1]
      .bss             uninit   0x1fff'f058      0x4  application.o [1]
      .bss             uninit   0x1fff'f05c      0x4  application.o [1]
      .bss             uninit   0x1fff'f060   0x2d00  AppTranslate.o [1]
      .bss             uninit   0x2000'1d60     0x18  AppTranslate.o [1]
      .bss             uninit   0x2000'1d78     0x18  AppTranslate.o [1]
      .bss             uninit   0x2000'1d90     0x40  AppTranslate.o [1]
      .bss             uninit   0x2000'1dd0      0x4  AppTranslate.o [1]
      .bss             uninit   0x2000'1dd4      0x4  AppTranslate.o [1]
      .bss             uninit   0x2000'1dd8    0x10c  canCom1.o [1]
      .bss             uninit   0x2000'1ee4     0x10  clock_manager.o [1]
      .bss             uninit   0x2000'1ef4      0xc  clock_S32K1xx.o [1]
      .bss             uninit   0x2000'1f00      0x4  clock_S32K1xx.o [1]
      .bss             uninit   0x2000'1f04      0x4  clock_S32K1xx.o [1]
      .bss             uninit   0x2000'1f08      0x4  clockMan1.o [1]
      .bss             uninit   0x2000'1f0c      0x4  digital.o [1]
      .bss             uninit   0x2000'1f10      0x4  digital.o [1]
      .bss             uninit   0x2000'1f14      0x4  digital.o [1]
      .bss             uninit   0x2000'1f18      0x4  digital.o [1]
      .bss             uninit   0x2000'1f1c      0x4  digital.o [1]
      .bss             uninit   0x2000'1f20      0x4  digital.o [1]
      .bss             uninit   0x2000'1f24      0x4  digital.o [1]
      .bss             uninit   0x2000'1f28      0x4  digital.o [1]
      .bss             uninit   0x2000'1f2c      0x4  digital.o [1]
      .bss             uninit   0x2000'1f30      0x4  digital.o [1]
      .bss             uninit   0x2000'1f34      0x4  digital.o [1]
      .bss             uninit   0x2000'1f38      0x4  edma_driver.o [1]
      .bss             uninit   0x2000'1f3c      0x4  flash.o [1]
      .bss             uninit   0x2000'1f40      0x8  flash.o [1]
      .bss             uninit   0x2000'1f48      0xc  flash.o [1]
      .bss             uninit   0x2000'1f54      0x8  flash.o [1]
      .bss             uninit   0x2000'1f5c      0x8  flash.o [1]
      .bss             uninit   0x2000'1f64      0x4  flash.o [1]
      .bss             uninit   0x2000'1f68      0x4  flash.o [1]
      .bss             uninit   0x2000'1f6c      0x4  flash.o [1]
      .bss             uninit   0x2000'1f70      0x4  flash.o [1]
      .bss             uninit   0x2000'1f74      0xc  flexcan_driver.o [1]
      .bss             uninit   0x2000'1f80      0x4  flexio_common.o [1]
      .bss             uninit   0x2000'1f84      0x4  interrupt_manager.o [1]
      .bss             uninit   0x2000'1f88     0x1c  isobus.o [1]
      .bss             uninit   0x2000'1fa4     0x1c  isobus.o [1]
      .bss             uninit   0x2000'1fc0     0x1c  isobus.o [1]
      .bss             uninit   0x2000'1fdc     0x1c  isobus.o [1]
      .bss             uninit   0x2000'1ff8     0x1c  isobus.o [1]
      .bss             uninit   0x2000'2014     0x1c  isobus.o [1]
      .bss             uninit   0x2000'2030     0x10  isobus.o [1]
      .bss             uninit   0x2000'2040     0x30  isobus.o [1]
      .bss             uninit   0x2000'2070    0x6fc  isobus.o [1]
      .bss             uninit   0x2000'276c      0x4  isobus.o [1]
      .bss             uninit   0x2000'2770      0x4  isobus.o [1]
      .bss             uninit   0x2000'2774      0x4  isobus.o [1]
      .bss             uninit   0x2000'2778      0x4  isobus.o [1]
      .bss             uninit   0x2000'277c      0xc  isobus.o [1]
      .bss             uninit   0x2000'2788     0x30  isobus.o [1]
      .bss             uninit   0x2000'27b8     0x10  isobus.o [1]
      .bss             uninit   0x2000'27c8     0x10  isobus.o [1]
      .bss             uninit   0x2000'27d8     0x10  isobus.o [1]
      .bss             uninit   0x2000'27e8    0x310  isobus.o [1]
      .bss             uninit   0x2000'2af8    0x118  isobus.o [1]
      .bss             uninit   0x2000'2c10    0x1cc  isobus.o [1]
      .bss             uninit   0x2000'2ddc     0x20  isobus.o [1]
      .bss             uninit   0x2000'2dfc      0x8  isobus.o [1]
      .bss             uninit   0x2000'2e04      0x8  isobus.o [1]
      .bss             uninit   0x2000'2e0c      0x4  isobus.o [1]
      .bss             uninit   0x2000'2e10      0x4  isobus.o [1]
      .bss             uninit   0x2000'2e14      0x8  isobus.o [1]
      .bss             uninit   0x2000'2e1c      0x4  isobus.o [1]
      .bss             uninit   0x2000'2e20      0x4  isobus.o [1]
      .bss             uninit   0x2000'2e24     0x18  isobus.o [1]
      .bss             uninit   0x2000'2e3c     0x18  isobus.o [1]
      .bss             uninit   0x2000'2e54     0x30  isobus.o [1]
      .bss             uninit   0x2000'2e84     0x30  isobus.o [1]
      .bss             uninit   0x2000'2eb4     0x70  isobus.o [1]
      .bss             uninit   0x2000'2f24     0x1c  isobus.o [1]
      .bss             uninit   0x2000'2f40      0x4  isobus.o [1]
      .bss             uninit   0x2000'2f44      0x4  lpit_driver.o [1]
      .bss             uninit   0x2000'2f48      0xc  lpspi_shared_function.o [1]
      .bss             uninit   0x2000'2f54    0x230  memdata.o [1]
      .bss             uninit   0x2000'3184      0x4  memdata.o [1]
      .bss             uninit   0x2000'3188      0x4  mlx.o [1]
      .bss             uninit   0x2000'318c      0x4  mlx.o [1]
      .bss             uninit   0x2000'3190      0x4  mlx.o [1]
      .bss             uninit   0x2000'3194      0x4  mlx.o [1]
      .bss             uninit   0x2000'3198      0x4  mlx.o [1]
      .bss             uninit   0x2000'319c      0x4  mlx.o [1]
      .bss             uninit   0x2000'31a0      0x4  mlx.o [1]
      .bss             uninit   0x2000'31a4      0x4  mlx.o [1]
      .bss             uninit   0x2000'31a8      0x4  mlx.o [1]
      .bss             uninit   0x2000'31ac      0x4  mlx.o [1]
      .bss             uninit   0x2000'31b0      0x4  mlx.o [1]
      .bss             uninit   0x2000'31b4      0x4  mlx.o [1]
      .bss             uninit   0x2000'31b8      0x4  mlx.o [1]
      .bss             uninit   0x2000'31bc      0x4  mlx.o [1]
      .bss             uninit   0x2000'31c0      0x4  mlx.o [1]
      .bss             uninit   0x2000'31c4      0x4  mlx.o [1]
      .bss             uninit   0x2000'31c8      0x4  mlx.o [1]
      .bss             uninit   0x2000'31cc      0x4  mlx.o [1]
      .bss             uninit   0x2000'31d0      0x4  mlx.o [1]
      .bss             uninit   0x2000'31d4      0x4  mlx.o [1]
      .bss             uninit   0x2000'31d8      0x4  mlx.o [1]
      .bss             uninit   0x2000'31dc      0x4  mlx.o [1]
      .bss             uninit   0x2000'31e0      0x4  mlx.o [1]
      .bss             uninit   0x2000'31e4      0x4  mlx.o [1]
      .bss             uninit   0x2000'31e8    0x1a0  mlx.o [1]
      .bss             uninit   0x2000'3388     0x18  mlx.o [1]
      .bss             uninit   0x2000'33a0     0x18  mlx.o [1]
      .bss             uninit   0x2000'33b8     0x10  mlx.o [1]
      .bss             uninit   0x2000'33c8     0x10  mlx.o [1]
      .bss             uninit   0x2000'33d8      0x4  osif_baremetal.o [1]
      .bss             uninit   0x2000'33dc    0x320  roller.o [1]
      .bss             uninit   0x2000'36fc      0x8  roller.o [1]
      .bss             uninit   0x2000'3704      0x8  roller.o [1]
      .bss             uninit   0x2000'370c     0x24  S32K_Adc.o [1]
      .bss             uninit   0x2000'3730     0x50  S32K_Adc.o [1]
      .bss             uninit   0x2000'3780      0x4  S32K_Adc.o [1]
      .bss             uninit   0x2000'3784    0x104  S32K_CanDma.o [1]
      .bss             uninit   0x2000'3888    0x104  S32K_CanDma.o [1]
      .bss             uninit   0x2000'398c    0x190  S32K_CanDma.o [1]
      .bss             uninit   0x2000'3b1c     0x64  S32K_CanDma.o [1]
      .bss             uninit   0x2000'3b80     0x78  S32K_CanDma.o [1]
      .bss             uninit   0x2000'3bf8     0x78  S32K_CanDma.o [1]
      .bss             uninit   0x2000'3c70     0x50  S32K_CanDma.o [1]
      .bss             uninit   0x2000'3cc0     0x50  S32K_CanDma.o [1]
      .bss             uninit   0x2000'3d10     0x1c  S32K_Flash.o [1]
      .bss             uninit   0x2000'3d2c     0x58  S32K_flexSpi.o [1]
      .bss             uninit   0x2000'3d84     0x58  S32K_LpSpi.o [1]
      .bss             uninit   0x2000'3ddc      0x8  S32K_LpSpi.o [1]
      .bss             uninit   0x2000'3de4      0x8  S32K_LpSpi.o [1]
      .bss             uninit   0x2000'3dec     0x58  S32K_LpSpi.o [1]
      .bss             uninit   0x2000'3e44      0x8  S32K_LpSpi.o [1]
      .bss             uninit   0x2000'3e4c      0x8  S32K_LpSpi.o [1]
      .bss             uninit   0x2000'3e54     0x58  S32K_LpSpi.o [1]
      .bss             uninit   0x2000'3eac      0x4  S32K_SysPin.o [1]
      .bss             uninit   0x2000'3eb0     0xe0  S32K_Timer.o [1]
      .bss             uninit   0x2000'3f90      0x4  S32K_Timer.o [1]
      .bss             uninit   0x2000'3f94      0x4  saej1939.o [1]
      .bss             uninit   0x2000'3f98      0x4  saej1939.o [1]
      .bss             uninit   0x2000'3f9c     0x10  saej1939.o [1]
      .bss             uninit   0x2000'3fac     0x10  saej1939.o [1]
      .bss             uninit   0x2000'3fbc     0x10  saej1939.o [1]
      .bss             uninit   0x2000'3fcc      0x8  saej1939.o [1]
      .bss             uninit   0x2000'3fd4     0x1c  saej1939.o [1]
      .bss             uninit   0x2000'3ff0     0x1c  saej1939.o [1]
      .bss             uninit   0x2000'400c     0x1c  saej1939.o [1]
      .bss             uninit   0x2000'4028     0x1c  saej1939.o [1]
      .bss             uninit   0x2000'4044     0x1c  saej1939.o [1]
      .bss             uninit   0x2000'4060     0x1c  saej1939.o [1]
      .bss             uninit   0x2000'407c     0x1c  saej1939.o [1]
      .bss             uninit   0x2000'4098     0x1c  saej1939.o [1]
      .bss             uninit   0x2000'40b4     0x1c  saej1939.o [1]
      .bss             uninit   0x2000'40d0     0x38  saej1939.o [1]
      .bss             uninit   0x2000'4108     0x38  saej1939.o [1]
      .bss             uninit   0x2000'4140     0x38  saej1939.o [1]
      .bss             uninit   0x2000'4178     0x38  saej1939.o [1]
      .bss             uninit   0x2000'41b0     0x1c  saej1939.o [1]
      .bss             uninit   0x2000'41cc      0x8  saej1939.o [1]
      .bss             uninit   0x2000'41d4      0x8  saej1939.o [1]
      .bss             uninit   0x2000'41dc      0x8  saej1939.o [1]
      .bss             uninit   0x2000'41e4      0x8  saej1939.o [1]
      .bss             uninit   0x2000'41ec     0x80  saej1939.o [1]
      .bss             uninit   0x2000'426c      0xc  saej1939.o [1]
      .bss             uninit   0x2000'4278      0xc  saej1939.o [1]
      .bss             uninit   0x2000'4284      0xc  saej1939.o [1]
      .bss             uninit   0x2000'4290    0x754  saej1939.o [1]
      .bss             uninit   0x2000'49e4    0xea8  saej1939.o [1]
      .bss             uninit   0x2000'588c     0x30  saej1939.o [1]
      .bss             uninit   0x2000'58bc    0x5a0  saej1939.o [1]
      .bss             uninit   0x2000'5e5c     0x10  saej1939.o [1]
      .bss             uninit   0x2000'5e6c     0x10  saej1939.o [1]
      .bss             uninit   0x2000'5e7c      0x4  saej1939.o [1]
      .bss             uninit   0x2000'5e80      0x4  saej1939.o [1]
      .bss             uninit   0x2000'5e84      0x4  saej1939.o [1]
      .bss             uninit   0x2000'5e88      0x4  saej1939.o [1]
      .bss             uninit   0x2000'5e8c      0x4  saej1939.o [1]
      .bss             uninit   0x2000'5e90      0x4  saej1939.o [1]
      .bss             uninit   0x2000'5e94      0xc  saej1939.o [1]
      .bss             uninit   0x2000'5ea0      0x8  saej1939.o [1]
      .bss             uninit   0x2000'5ea8      0x8  saej1939.o [1]
      .bss             uninit   0x2000'5eb0      0x8  saej1939.o [1]
      .bss             uninit   0x2000'5eb8      0xc  saej1939.o [1]
      .bss             uninit   0x2000'5ec4     0x10  saej1939.o [1]
      .bss             uninit   0x2000'5ed4      0x4  saej1939.o [1]
      .bss             uninit   0x2000'5ed8      0x4  saej1939.o [1]
      .bss             uninit   0x2000'5edc     0x30  saej1939.o [1]
      .bss             uninit   0x2000'5f0c      0x8  saej1939.o [1]
      .bss             uninit   0x2000'5f14      0x8  saej1939.o [1]
      .bss             uninit   0x2000'5f1c      0x4  saej1939.o [1]
      .bss             uninit   0x2000'5f20     0x18  supply.o [1]
      .bss             uninit   0x2000'5f38     0x18  supply.o [1]
      .bss             uninit   0x2000'5f50     0x18  supply.o [1]
      .bss             uninit   0x2000'5f68      0x8  TLF_Spi.o [1]
      .bss             uninit   0x2000'5f70      0x8  TLF_Spi.o [1]
      .bss             uninit   0x2000'5f78      0x8  TLF_Spi.o [1]
      .bss             uninit   0x2000'5f80      0x8  TLF_Spi.o [1]
      .bss             uninit   0x2000'5f88      0x8  TLF_Spi.o [1]
      .bss             uninit   0x2000'5f90      0x8  TLF_Spi.o [1]
      .bss             uninit   0x2000'5f98      0x8  TLF_Spi.o [1]
      .bss             uninit   0x2000'5fa0      0x8  TLF_Spi.o [1]
      .bss             uninit   0x2000'5fa8      0x8  TLF_Spi.o [1]
      .bss             uninit   0x2000'5fb0      0x8  TLF_Spi.o [1]
      .bss             uninit   0x2000'5fb8      0x8  TLF_Spi.o [1]
      .bss             uninit   0x2000'5fc0      0x8  TLF_Spi.o [1]
      .bss             uninit   0x2000'5fc8      0x8  TLF_Spi.o [1]
      .bss             uninit   0x2000'5fd0      0x8  TLF_Spi.o [1]
      .bss             uninit   0x2000'5fd8      0x8  TLF_Spi.o [1]
      .bss             uninit   0x2000'5fe0      0x8  TLF_Spi.o [1]
      .bss             uninit   0x2000'5fe8      0x8  TLF_Spi.o [1]
      .bss             uninit   0x2000'5ff0      0x8  TLF_Spi.o [1]
      .bss             uninit   0x2000'5ff8      0x8  TLF_Spi.o [1]
      .bss             uninit   0x2000'6000      0x8  TLF_Spi.o [1]
      .bss             uninit   0x2000'6008      0x8  TLF_Spi.o [1]
      .bss             uninit   0x2000'6010      0x8  TLF_Spi.o [1]
      .bss             uninit   0x2000'6018      0x2  flash.o [1]
      .bss             uninit   0x2000'601a      0x2  isobus.o [1]
      .bss             uninit   0x2000'601c      0x2  isobus.o [1]
      .bss             uninit   0x2000'601e      0x2  isobus.o [1]
      .bss             uninit   0x2000'6020      0x2  isobus.o [1]
      .bss             uninit   0x2000'6022      0x2  isobus.o [1]
      .bss             uninit   0x2000'6024      0x2  isobus.o [1]
      .bss             uninit   0x2000'6026      0x2  isobus.o [1]
      .bss             uninit   0x2000'6028      0x2  mlx.o [1]
      .bss             uninit   0x2000'602a      0x2  mlx.o [1]
      .bss             uninit   0x2000'602c      0x2  mlx.o [1]
      .bss             uninit   0x2000'602e      0x2  mlx.o [1]
      .bss             uninit   0x2000'6030      0x2  mlx.o [1]
      .bss             uninit   0x2000'6032      0x2  mlx.o [1]
      .bss             uninit   0x2000'6034      0x2  mlx.o [1]
      .bss             uninit   0x2000'6036      0x2  mlx.o [1]
      .bss             uninit   0x2000'6038      0x2  mlx.o [1]
      .bss             uninit   0x2000'603a      0x2  mlx.o [1]
      .bss             uninit   0x2000'603c      0x2  mlx.o [1]
      .bss             uninit   0x2000'603e      0x2  mlx.o [1]
      .bss             uninit   0x2000'6040      0x2  mlx.o [1]
      .bss             uninit   0x2000'6042      0x2  roller.o [1]
      .bss             uninit   0x2000'6044      0x2  S32K_LpSpi.o [1]
      .bss             uninit   0x2000'6046      0x2  S32K_LpSpi.o [1]
      .bss             uninit   0x2000'6048      0x2  S32K_LpSpi.o [1]
      .bss             uninit   0x2000'604a      0x2  saej1939.o [1]
      .bss             uninit   0x2000'604c      0x2  saej1939.o [1]
      .bss             uninit   0x2000'604e      0x2  saej1939.o [1]
      .bss             uninit   0x2000'6050      0x2  saej1939.o [1]
      .bss             uninit   0x2000'6052      0x2  saej1939.o [1]
      .bss             uninit   0x2000'6054      0x2  saej1939.o [1]
      .bss             uninit   0x2000'6056      0x2  TLF_Spi.o [1]
      .bss             uninit   0x2000'6058      0x2  TLF_Spi.o [1]
      .bss             uninit   0x2000'605a      0x1  application.o [1]
      .bss             uninit   0x2000'605b      0x1  AppTranslate.o [1]
      .bss             uninit   0x2000'605c      0x1  digital.o [1]
      .bss             uninit   0x2000'605d      0x1  flash.o [1]
      .bss             uninit   0x2000'605e      0x1  flash.o [1]
      .bss             uninit   0x2000'605f      0x1  flash.o [1]
      .bss             uninit   0x2000'6060      0x1  flash.o [1]
      .bss             uninit   0x2000'6061      0x1  flash.o [1]
      .bss             uninit   0x2000'6062      0x1  flash.o [1]
      .bss             uninit   0x2000'6063      0x1  flash.o [1]
      .bss             uninit   0x2000'6064      0x1  flash.o [1]
      .bss             uninit   0x2000'6065      0x1  flash.o [1]
      .bss             uninit   0x2000'6066      0x1  flash.o [1]
      .bss             uninit   0x2000'6067      0x1  isobus.o [1]
      .bss             uninit   0x2000'6068      0x1  isobus.o [1]
      .bss             uninit   0x2000'6069      0x1  isobus.o [1]
      .bss             uninit   0x2000'606a      0x1  isobus.o [1]
      .bss             uninit   0x2000'606b      0x1  isobus.o [1]
      .bss             uninit   0x2000'606c      0x1  isobus.o [1]
      .bss             uninit   0x2000'606d      0x1  isobus.o [1]
      .bss             uninit   0x2000'606e      0x1  isobus.o [1]
      .bss             uninit   0x2000'606f      0x1  isobus.o [1]
      .bss             uninit   0x2000'6070      0x1  isobus.o [1]
      .bss             uninit   0x2000'6071      0x1  isobus.o [1]
      .bss             uninit   0x2000'6072      0x1  isobus.o [1]
      .bss             uninit   0x2000'6073      0x1  isobus.o [1]
      .bss             uninit   0x2000'6074      0x1  isobus.o [1]
      .bss             uninit   0x2000'6075      0x1  isobus.o [1]
      .bss             uninit   0x2000'6076      0x1  isobus.o [1]
      .bss             uninit   0x2000'6077      0x1  isobus.o [1]
      .bss             uninit   0x2000'6078      0x1  isobus.o [1]
      .bss             uninit   0x2000'6079      0x1  isobus.o [1]
      .bss             uninit   0x2000'607a      0x1  isobus.o [1]
      .bss             uninit   0x2000'607b      0x1  isobus.o [1]
      .bss             uninit   0x2000'607c      0x1  isobus.o [1]
      .bss             uninit   0x2000'607d      0x1  isobus.o [1]
      .bss             uninit   0x2000'607e      0x1  isobus.o [1]
      .bss             uninit   0x2000'607f      0x1  isobus.o [1]
      .bss             uninit   0x2000'6080      0x1  isobus.o [1]
      .bss             uninit   0x2000'6081      0x1  isobus.o [1]
      .bss             uninit   0x2000'6082      0x1  isobus.o [1]
      .bss             uninit   0x2000'6083      0x1  isobus.o [1]
      .bss             uninit   0x2000'6084      0x1  isobus.o [1]
      .bss             uninit   0x2000'6085      0x1  isobus.o [1]
      .bss             uninit   0x2000'6086      0x1  isobus.o [1]
      .bss             uninit   0x2000'6087      0x1  isobus.o [1]
      .bss             uninit   0x2000'6088      0x1  isobus.o [1]
      .bss             uninit   0x2000'6089      0x1  isobus.o [1]
      .bss             uninit   0x2000'608a      0x1  isobus.o [1]
      .bss             uninit   0x2000'608b      0x1  isobus.o [1]
      .bss             uninit   0x2000'608c      0x1  isobus.o [1]
      .bss             uninit   0x2000'608d      0x1  isobus.o [1]
      .bss             uninit   0x2000'608e      0x1  memdata.o [1]
      .bss             uninit   0x2000'608f      0x1  mlx.o [1]
      .bss             uninit   0x2000'6090      0x1  roller.o [1]
      .bss             uninit   0x2000'6091      0x1  S32K_Adc.o [1]
      .bss             uninit   0x2000'6092      0x1  S32K_SysPin.o [1]
      .bss             uninit   0x2000'6093      0x1  S32K_SysPin.o [1]
      .bss             uninit   0x2000'6094      0x1  S32K_SysPin.o [1]
      .bss             uninit   0x2000'6095      0x1  S32K_SysPin.o [1]
      .bss             uninit   0x2000'6096      0x1  S32K_SysPin.o [1]
      .bss             uninit   0x2000'6097      0x1  S32K_SysPin.o [1]
      .bss             uninit   0x2000'6098      0x1  saej1939.o [1]
      .bss             uninit   0x2000'6099      0x1  saej1939.o [1]
      .bss             uninit   0x2000'609a      0x1  saej1939.o [1]
      .bss             uninit   0x2000'609b      0x1  saej1939.o [1]
      .bss             uninit   0x2000'609c      0x1  saej1939.o [1]
      .bss             uninit   0x2000'609d      0x1  saej1939.o [1]
      .bss             uninit   0x2000'609e      0x1  saej1939.o [1]
      .bss             uninit   0x2000'609f      0x1  saej1939.o [1]
      .bss             uninit   0x2000'60a0      0x1  saej1939.o [1]
      .bss             uninit   0x2000'60a1      0x1  saej1939.o [1]
      .bss             uninit   0x2000'60a2      0x1  saej1939.o [1]
      .bss             uninit   0x2000'60a3      0x1  saej1939.o [1]
      .bss             uninit   0x2000'60a4      0x1  saej1939.o [1]
      .bss             uninit   0x2000'60a5      0x1  saej1939.o [1]
      .bss             uninit   0x2000'60a6      0x1  saej1939.o [1]
      .bss             uninit   0x2000'60a7      0x1  saej1939.o [1]
      .bss             uninit   0x2000'60a8      0x1  saej1939.o [1]
      .bss             uninit   0x2000'60a9      0x1  saej1939.o [1]
      .bss             uninit   0x2000'60aa      0x1  TLF_Spi.o [1]
      .bss             uninit   0x2000'60ab      0x1  TLF_Spi.o [1]
      .bss             uninit   0x2000'60ac      0x1  TLF_Spi.o [1]
      .bss             uninit   0x2000'60ad      0x1  TLF_Spi.o [1]
      .bss             uninit   0x2000'60ae      0x1  TLF_Spi.o [1]
      .bss             uninit   0x2000'60af      0x1  TLF_Spi.o [1]
      .bss             uninit   0x2000'60b0      0x1  TLF_Spi.o [1]
      .bss             uninit   0x2000'60b1      0x1  TLF_Spi.o [1]
      .bss             uninit   0x2000'60b2      0x1  TLF_Spi.o [1]
                              - 0x2000'60b3   0x70b3

"P9":                                          0x400
  CSTACK                        0x2000'6c00    0x400  <Block>
    CSTACK             uninit   0x2000'6c00    0x400  <Block tail>
                              - 0x2000'7000    0x400

Unused ranges:

         From           To      Size
         ----           --      ----
     0x4'50f4     0x7'ffff  0x3'af0c
  0x1fff'9010  0x1fff'efff    0x5ff0
  0x2000'60b3  0x2000'6bff     0xb4d



*******************************************************************************
*** MODULE SUMMARY
***

    Module                   ro code  rw code  ro data  rw data  ro data
                                                                  (abs)
    ------                   -------  -------  -------  -------  -------
command line/config:
    --------------------------------------------------------------------
    Total:

D:\A_Lavoro\Plugfest 2023\SW0280001\IAR_Debug\Obj: [1]
    ADC_0.o                                         88       48
    ADC_1.o                                         88       48
    AppTranslate.o             2 736                     11 641
    LPSPI_MLX_1.o                                   32
    LPSPI_MLX_2.o                                   32
    LPSPI_TLF.o                                     32
    MyFlash.o                                       20
    MySysTmr.o                                      26       24
    S32K_Adc.o                   888                        121
    S32K_CanDma.o              1 488                44    1 464
    S32K_Driver.o                570
    S32K_Flash.o                 260                         28
    S32K_LpSpi.o                 612                60      362
    S32K_ObjectConfig.o                            372
    S32K_SysPin.o                872                40       30
    S32K_Timer.o                 224                        228
    S32K_flexSpi.o               164                 4       92
    TLF_Spi.o                  2 172                        189
    adc_driver.o               1 748                50
    adc_irq.o                     20
    adc_pal.o                  1 068                 2       40
    application.o                636                 1       18
    boot.o                                                            16
    canCom1.o                                       56      268
    clockMan1.o                                    240      244
    clock_S32K1xx.o            6 796               476      180
    clock_manager.o              380                         16
    crc1.o                                          16
    crc_driver.o                 392                 4
    crc_hw_access.o              358
    digital.o                  2 908               253      298
    edma_driver.o              1 708                 8        4
    edma_hw_access.o             626
    edma_irq.o                   210
    error.o                      148
    flash.o                    2 132                 2       70
    flash_driver.o               892       56       56
    flexcan_driver.o           3 276                32       12
    flexcan_hw_access.o        2 604                24
    flexcan_irq.o                130                12
    flexio_M4.o                                     28
    flexio_common.o              976                10        4
    flexio_spi_driver.o        2 808
    interrupt_manager.o          316                          4
    isobus.o                  24 188                20    4 085
    lpit_driver.o              1 376                 9        4
    lpspi_hw_access.o            676                32
    lpspi_irq.o                   30
    lpspi_master_driver.o      2 180                32
    lpspi_shared_function.o      620                16       28
    lpspi_slave_driver.o       1 396
    main.o                        56
    memdata.o                  1 300             2 284      565
    mlx.o                      6 392               377      620
    osif_baremetal.o             380                          4
    pdb_driver.o                 400                12
    pdb_hw_access.o              706
    pin_mux.o                                    2 136    2 136
    pins_driver.o                 96
    pins_port_hw_access.o        342
    pool.o                                     160 364
    queue.o                      238
    roller.o                   3 268               193      820
    saej1939.o                21 904             1 594    8 116
    startup.o                    196                 4
    startup_S32K144.o          1 120
    supply.o                   1 244                         72
    system_S32K144.o              72
    trgmux_driver.o               92                 4
    trgmux_hw_access.o           136
    --------------------------------------------------------------------
    Total:                   108 526       56  169 185   31 883       16

dl7M_tln.a: [2]
    exit.o                         4
    low_level_init.o               4
    --------------------------------------------------------------------
    Total:                         8

m7M_tls.a: [3]
    fpinit_M.o                    34
    --------------------------------------------------------------------
    Total:                        34

rt7M_tl.a: [4]
    ABImemclr4.o                   6
    ABImemcpy.o                  166
    ABImemset.o                  102
    ABImemset48.o                 50
    I64DivMod.o                  560
    I64DivZer.o                    2
    cexit.o                       10
    cmain.o                       30
    cstartup_M.o                  12
    --------------------------------------------------------------------
    Total:                       938

shb_l.a: [5]
    exit.o                        20
    --------------------------------------------------------------------
    Total:                        20

    Gaps                           5
    Linker created                 8                      1 024
------------------------------------------------------------------------
    Grand Total:             109 539       56  169 185   32 907       16


*******************************************************************************
*** ENTRY LIST
***

Entry                       Address     Size  Type      Object
-----                       -------     ----  ----      ------
.bss$$Base              0x1fff'f000            --   Gb  - Linker created -
.bss$$Limit             0x2000'60b3            --   Gb  - Linker created -
.data$$Base             0x1fff'8400            --   Gb  - Linker created -
.data$$Limit            0x1fff'8fd8            --   Gb  - Linker created -
.data_init$$Base           0x4'2010            --   Gb  - Linker created -
.data_init$$Limit          0x4'2be8            --   Gb  - Linker created -
?main                      0x4'4e39           Code  Gb  cmain.o [4]
ABS_address             0x2000'1f3c      0x4  Data  Lc  flash.o [1]
ADC0_IRQHandler            0x4'4f7d      0xa  Code  Gb  adc_irq.o [1]
ADC1_IRQHandler            0x4'4f87      0xa  Code  Gb  adc_irq.o [1]
ADC_0_ChansArray00      0x1fff'8408      0xc  Data  Gb  ADC_0.o [1]
ADC_0_ChansArray01      0x1fff'8414      0x8  Data  Gb  ADC_0.o [1]
ADC_0_Extension0        0x1fff'8400      0x8  Data  Gb  ADC_0.o [1]
ADC_0_GroupArray0          0x4'4c80     0x30  Data  Gb  ADC_0.o [1]
ADC_0_InitConfig0          0x4'4fd0      0xc  Data  Gb  ADC_0.o [1]
ADC_0_Results00         0x1fff'f000      0xc  Data  Gb  ADC_0.o [1]
ADC_0_Results01         0x1fff'f00c      0x8  Data  Gb  ADC_0.o [1]
ADC_1_ChansArray00      0x1fff'8424      0xc  Data  Gb  ADC_1.o [1]
ADC_1_ChansArray01      0x1fff'8430      0x8  Data  Gb  ADC_1.o [1]
ADC_1_Extension0        0x1fff'841c      0x8  Data  Gb  ADC_1.o [1]
ADC_1_GroupArray0          0x4'4cb0     0x30  Data  Gb  ADC_1.o [1]
ADC_1_InitConfig0          0x4'4fdc      0xc  Data  Gb  ADC_1.o [1]
ADC_1_Results00         0x1fff'f014      0xc  Data  Gb  ADC_1.o [1]
ADC_1_Results01         0x1fff'f020      0x8  Data  Gb  ADC_1.o [1]
ADC_ConfigGroup            0x3'a573     0xcc  Code  Lc  adc_pal.o [1]
ADC_ConfigPdbAndPretriggers
                           0x3'a4e9     0x8a  Code  Lc  adc_pal.o [1]
ADC_DRV_AutoCalibration
                           0x3'dec9     0xa6  Code  Gb  adc_driver.o [1]
ADC_DRV_ConfigChan         0x3'dd79     0x7c  Code  Gb  adc_driver.o [1]
ADC_DRV_ConfigConverter
                           0x3'dc1f     0xb6  Code  Gb  adc_driver.o [1]
ADC_DRV_GetChanResult      0x3'de77     0x52  Code  Gb  adc_driver.o [1]
ADC_DRV_GetInterruptNumber
                           0x3'df6f     0x1c  Code  Gb  adc_driver.o [1]
ADC_DRV_GetInterruptNumber::adcIrqId
                           0x3'3aa2      0x2  Data  Lc  adc_driver.o [1]
ADC_DRV_InitConverterStruct
                           0x3'dbdd     0x42  Code  Gb  adc_driver.o [1]
ADC_DRV_Reset              0x3'dcd5     0xa4  Code  Gb  adc_driver.o [1]
ADC_DRV_SetSwPretrigger
                           0x3'ddf5     0x82  Code  Gb  adc_driver.o [1]
ADC_GetCalibrationActiveFlag
                           0x3'db2f     0x16  Code  Lc  adc_driver.o [1]
ADC_GetHwAverageEnableFlag
                           0x3'dad5     0x16  Code  Lc  adc_driver.o [1]
ADC_GetHwAverageMode       0x3'db0d      0xc  Code  Lc  adc_driver.o [1]
ADC_GetPretriggerSelect
                           0x3'd961     0x5e  Code  Lc  adc_driver.o [1]
ADC_GetTriggerMode         0x3'd93d      0xc  Code  Lc  adc_driver.o [1]
ADC_GetValue_mV            0x2'e2a9     0x10  Code  Gb  AppTranslate.o [1]
ADC_Init                   0x3'a22f    0x15a  Code  Gb  adc_pal.o [1]
ADC_S32K1xx_IrqHandler     0x3'a43b     0xae  Code  Gb  adc_pal.o [1]
ADC_SetCalibrationActiveFlag
                           0x3'db45     0x22  Code  Lc  adc_driver.o [1]
ADC_SetChanInterruptEnableFlag
                           0x3'db67     0x28  Code  Lc  adc_driver.o [1]
ADC_SetClockDivide         0x3'd8eb     0x14  Code  Lc  adc_driver.o [1]
ADC_SetContinuousConvFlag
                           0x3'da99     0x22  Code  Lc  adc_driver.o [1]
ADC_SetDMAEnableFlag       0x3'da61     0x22  Code  Lc  adc_driver.o [1]
ADC_SetHwAverageEnableFlag
                           0x3'daeb     0x22  Code  Lc  adc_driver.o [1]
ADC_SetHwAverageMode       0x3'db19     0x16  Code  Lc  adc_driver.o [1]
ADC_SetInputChannel        0x3'db8f     0x4e  Code  Lc  adc_driver.o [1]
ADC_SetInputClock          0x3'd92b     0x12  Code  Lc  adc_driver.o [1]
ADC_SetPretriggerSelect
                           0x3'd9bf     0x52  Code  Lc  adc_driver.o [1]
ADC_SetResolution          0x3'd917     0x14  Code  Lc  adc_driver.o [1]
ADC_SetSampleTime          0x3'd8ff     0x18  Code  Lc  adc_driver.o [1]
ADC_SetSupplyMonitoringEnableFlag
                           0x3'dabb     0x1a  Code  Lc  adc_driver.o [1]
ADC_SetTriggerMode         0x3'd949     0x18  Code  Lc  adc_driver.o [1]
ADC_SetTriggerSelect       0x3'da11     0x50  Code  Lc  adc_driver.o [1]
ADC_SetVoltageReference
                           0x3'da83     0x16  Code  Lc  adc_driver.o [1]
ADC_StartGroupConversion
                           0x3'a389     0xb2  Code  Gb  adc_pal.o [1]
ADC_callback               0x3'5567     0x58  Code  Gb  S32K_Adc.o [1]
AIDValue                0x2000'601e      0x2  Data  Lc  isobus.o [1]
AUX_INPUT_ID               0x4'4c10     0x38  Data  Gb  pool.o [1]
ActBase                 0x2000'3eac      0x4  Data  Lc  S32K_SysPin.o [1]
Adc_In_pt               0x2000'370c     0x24  Data  Lc  S32K_Adc.o [1]
AnList                     0x4'425c     0xd8  Data  Gb  S32K_ObjectConfig.o [1]
Application_BaudRateGet
                           0x3'7f1d     0x68  Code  Lc  application.o [1]
Application_IO_Main        0x3'8085     0x14  Code  Lc  application.o [1]
Application_Init           0x3'80bb     0x90  Code  Gb  application.o [1]
Application_Main           0x3'814b     0x18  Code  Gb  application.o [1]
Application_Main::first_entry_in_main
                        0x1fff'8fce      0x1  Data  Lc  application.o [1]
Application_ParamGet       0x3'809f      0x6  Code  Gb  application.o [1]
Application_Schedule    0x2000'3eb0     0xe0  Data  Lc  S32K_Timer.o [1]
Application_Task           0x3'80a5     0x16  Code  Gb  application.o [1]
Application_TickUpdate     0x3'f4f1     0x1a  Code  Gb  main.o [1]
Application_baudRate    0x1fff'f050      0x4  Data  Lc  application.o [1]
Application_canResTerm  0x1fff'f054      0x4  Data  Lc  application.o [1]
Application_paramFromEEUpdate
                           0x3'7fd1     0xb4  Code  Lc  application.o [1]
Application_paramFromRAMUpdate
                           0x3'7fb7     0x1a  Code  Lc  application.o [1]
Application_paramToRAMUpdate
                           0x3'7fa9      0xe  Code  Lc  application.o [1]
Application_sourceAddress
                        0x2000'605a      0x1  Data  Lc  application.o [1]
Application_sourceAddressEval
                           0x3'7f85     0x24  Code  Lc  application.o [1]
Application_sourceAddressGet
                           0x3'8099      0x6  Code  Gb  application.o [1]
AuxInAnNum              0x2000'6073      0x1  Data  Lc  isobus.o [1]
AuxInBoolNum            0x2000'6074      0x1  Data  Lc  isobus.o [1]
AuxInNum                0x2000'6075      0x1  Data  Lc  isobus.o [1]
AuxInput                0x2000'27e8    0x310  Data  Lc  isobus.o [1]
BOOT_ACL_SA_BAUD             0x1438      0x4  Data  Lc  boot.o [1]
BOOT_HW_ID                   0x143c      0x4  Data  Lc  boot.o [1]
BOOT_PRG_VER                 0x1434      0x4  Data  Lc  boot.o [1]
BOOT_SW_ID                   0x1430      0x4  Data  Lc  boot.o [1]
BSP_OutLedUpdate           0x2'e0b3    0x1f6  Code  Gb  AppTranslate.o [1]
CAN0_Error_IRQHandler      0x4'46cb     0x1a  Code  Gb  flexcan_irq.o [1]
CAN0_ORed_0_15_MB_IRQHandler
                           0x4'46f3      0xa  Code  Gb  flexcan_irq.o [1]
CAN0_ORed_16_31_MB_IRQHandler
                           0x4'46fd      0xa  Code  Gb  flexcan_irq.o [1]
CAN0_ORed_IRQHandler       0x4'46c1      0xa  Code  Gb  flexcan_irq.o [1]
CAN0_Wake_Up_IRQHandler
                           0x4'46e9      0xa  Code  Gb  flexcan_irq.o [1]
CAN1_Error_IRQHandler      0x4'4711      0xa  Code  Gb  flexcan_irq.o [1]
CAN1_ORed_0_15_MB_IRQHandler
                           0x4'471b      0xa  Code  Gb  flexcan_irq.o [1]
CAN1_ORed_IRQHandler       0x4'4707      0xa  Code  Gb  flexcan_irq.o [1]
CAN2_Error_IRQHandler      0x4'472f      0xa  Code  Gb  flexcan_irq.o [1]
CAN2_ORed_0_15_MB_IRQHandler
                           0x4'4739      0xa  Code  Gb  flexcan_irq.o [1]
CAN2_ORed_IRQHandler       0x4'4725      0xa  Code  Gb  flexcan_irq.o [1]
CANMsgRx_Stored         0x1fff'f060   0x2d00  Data  Lc  AppTranslate.o [1]
CANMsgRx_storedSize     0x2000'1d60     0x18  Data  Lc  AppTranslate.o [1]
CANMsgTx_Isobus_EcuToVt
                        0x2000'1fdc     0x1c  Data  Lc  isobus.o [1]
CANMsgTx_Isobus_auxInMaintenance
                        0x2000'1fc0     0x1c  Data  Lc  isobus.o [1]
CANMsgTx_Isobus_auxInStatusEnMsg
                        0x2000'2014     0x1c  Data  Lc  isobus.o [1]
CANMsgTx_Isobus_auxInStatusMsg
                        0x2000'1ff8     0x1c  Data  Lc  isobus.o [1]
CANMsgTx_Isobus_workingSetInit
                        0x2000'1f88     0x1c  Data  Lc  isobus.o [1]
CANMsgTx_Isobus_workingSetMaintenance
                        0x2000'1fa4     0x1c  Data  Lc  isobus.o [1]
CANMsgTx_Saej_AddressClaim
                        0x2000'4060     0x1c  Data  Lc  saej1939.o [1]
CANMsgTx_Saej_BJM       0x2000'3fd4     0x1c  Data  Lc  saej1939.o [1]
CANMsgTx_Saej_DM1       0x2000'4028     0x1c  Data  Lc  saej1939.o [1]
CANMsgTx_Saej_DM15      0x2000'407c     0x1c  Data  Lc  saej1939.o [1]
CANMsgTx_Saej_DM16      0x2000'4098     0x1c  Data  Lc  saej1939.o [1]
CANMsgTx_Saej_EJM       0x2000'3ff0     0x1c  Data  Lc  saej1939.o [1]
CANMsgTx_Saej_EJM2      0x2000'400c     0x1c  Data  Lc  saej1939.o [1]
CANMsgTx_Saej_ETP       0x2000'4140     0x38  Data  Lc  saej1939.o [1]
CANMsgTx_Saej_ETP_DT    0x2000'4178     0x38  Data  Lc  saej1939.o [1]
CANMsgTx_Saej_RequestAddressClaim
                        0x2000'4044     0x1c  Data  Lc  saej1939.o [1]
CANMsgTx_Saej_RequestPGN
                        0x2000'41b0     0x1c  Data  Lc  saej1939.o [1]
CANMsgTx_Saej_SendPGN   0x2000'40b4     0x1c  Data  Lc  saej1939.o [1]
CANMsgTx_Saej_TP        0x2000'40d0     0x38  Data  Lc  saej1939.o [1]
CANMsgTx_Saej_TP_DT     0x2000'4108     0x38  Data  Lc  saej1939.o [1]
CAN_Init_K144              0x2'de87     0xa8  Code  Gb  AppTranslate.o [1]
CAN_Main_K144              0x2'e0ab      0x8  Code  Gb  AppTranslate.o [1]
CAN_MsgEnable              0x2'de19     0x6e  Code  Gb  AppTranslate.o [1]
CAN_MsgGeneralEnable       0x2'dcad     0x44  Code  Lc  AppTranslate.o [1]
CAN_MsgRxDequeue           0x2'df2f    0x17c  Code  Lc  AppTranslate.o [1]
CAN_MsgTx                  0x2'da27     0xa4  Code  Gb  AppTranslate.o [1]
CAN_MsgUpdateData          0x2'dc1f     0x2c  Code  Gb  AppTranslate.o [1]
CAN_MsgUpdateID            0x2'dc55     0x40  Code  Gb  AppTranslate.o [1]
CAN_MsgUpdateIDGeneral     0x2'dc95     0x18  Code  Gb  AppTranslate.o [1]
CAN_MsgUpdateRxFilter      0x2'dc4b      0xa  Code  Gb  AppTranslate.o [1]
CAN_MsgUpdateTimeOut       0x2'dcf1      0x4  Code  Gb  AppTranslate.o [1]
CAN_ResetInitBit           0x2'da25      0x2  Code  Gb  AppTranslate.o [1]
CAN_StoredMsgClear         0x2'dacb    0x154  Code  Gb  AppTranslate.o [1]
CAN_StoredMsgGet           0x2'dd13     0xa0  Code  Gb  AppTranslate.o [1]
CAN_StoredMsgGetData       0x2'ddb3     0x26  Code  Gb  AppTranslate.o [1]
CAN_StoredMsgGetID         0x2'dcf5     0x1e  Code  Gb  AppTranslate.o [1]
CAN_StoredMsgRx            0x2'ddd9     0x40  Code  Gb  AppTranslate.o [1]
CAN_StoredMsgUpdate        0x2'd9fd     0x28  Code  Gb  AppTranslate.o [1]
CCIF_Handler               0x3'a98d      0xc  Code  Lc  S32K_Flash.o [1]
CLOCK_SYS_ConfigureFIRC
                           0x3'bdc5     0x9e  Code  Lc  clock_S32K1xx.o [1]
CLOCK_SYS_ConfigureModulesFromScg
                           0x3'c0e5    0x17c  Code  Lc  clock_S32K1xx.o [1]
CLOCK_SYS_ConfigureModulesFromScg::tmpSysClk
                           0x4'4ff4      0xc  Data  Lc  clock_S32K1xx.o [1]
CLOCK_SYS_ConfigureSIRC
                           0x3'bd27     0x9a  Code  Lc  clock_S32K1xx.o [1]
CLOCK_SYS_ConfigureSOSC
                           0x3'be63     0xf8  Code  Lc  clock_S32K1xx.o [1]
CLOCK_SYS_ConfigureSPLL
                           0x3'bf69    0x114  Code  Lc  clock_S32K1xx.o [1]
CLOCK_SYS_ConfigureTemporarySystemClock
                           0x3'c081     0x54  Code  Lc  clock_S32K1xx.o [1]
CLOCK_SYS_ConfigureTemporarySystemClock::tmpSysClk
                           0x4'4fe8      0xc  Data  Lc  clock_S32K1xx.o [1]
CLOCK_SYS_GetCurrentRunMode
                           0x3'bb5d     0x28  Code  Lc  clock_S32K1xx.o [1]
CLOCK_SYS_GetDefaultConfiguration
                           0x3'b56f    0x19c  Code  Lc  clock_S32K1xx.o [1]
CLOCK_SYS_GetDefaultConfiguration::peripheralClockConfig
                        0x1fff'8438     0xa0  Data  Lc  clock_S32K1xx.o [1]
CLOCK_SYS_GetFircFreq      0x3'c599     0x22  Code  Lc  clock_S32K1xx.o [1]
CLOCK_SYS_GetFircFreq::fircFreq
                           0x4'4f90     0x10  Data  Lc  clock_S32K1xx.o [1]
CLOCK_SYS_GetFreq          0x3'ba8d     0x38  Code  Gb  clock_S32K1xx.o [1]
CLOCK_SYS_GetLpoFreq       0x3'c5f5     0x5a  Code  Lc  clock_S32K1xx.o [1]
CLOCK_SYS_GetPccClockFreq
                           0x3'b971    0x11c  Code  Lc  clock_S32K1xx.o [1]
CLOCK_SYS_GetPeripheralClock
                           0x3'bac5     0x98  Code  Lc  clock_S32K1xx.o [1]
CLOCK_SYS_GetScgClkOutFreq
                           0x3'bc97     0x42  Code  Lc  clock_S32K1xx.o [1]
CLOCK_SYS_GetScgClockFreq
                           0x3'b70b     0xe8  Code  Lc  clock_S32K1xx.o [1]
CLOCK_SYS_GetSimClkOutFreq
                           0x3'bbfd     0x9a  Code  Lc  clock_S32K1xx.o [1]
CLOCK_SYS_GetSimClockFreq
                           0x3'b7f3    0x17e  Code  Lc  clock_S32K1xx.o [1]
CLOCK_SYS_GetSimRtcClkFreq
                           0x3'bcd9     0x4e  Code  Lc  clock_S32K1xx.o [1]
CLOCK_SYS_GetSircFreq      0x3'c56b     0x2a  Code  Lc  clock_S32K1xx.o [1]
CLOCK_SYS_GetSysAsyncFreq
                           0x3'c45d     0xf4  Code  Lc  clock_S32K1xx.o [1]
CLOCK_SYS_GetSysOscFreq
                           0x3'c551     0x1a  Code  Lc  clock_S32K1xx.o [1]
CLOCK_SYS_GetSysPllFreq
                           0x3'c5bb     0x3a  Code  Lc  clock_S32K1xx.o [1]
CLOCK_SYS_GetSystemClockFreq
                           0x3'c261     0x94  Code  Lc  clock_S32K1xx.o [1]
CLOCK_SYS_Init             0x3'9063     0x3a  Code  Gb  clock_manager.o [1]
CLOCK_SYS_SetConfiguration
                           0x3'b2ff     0x42  Code  Gb  clock_S32K1xx.o [1]
CLOCK_SYS_SetPccConfiguration
                           0x3'b3df     0x86  Code  Lc  clock_S32K1xx.o [1]
CLOCK_SYS_SetPmcConfiguration
                           0x3'b53d     0x32  Code  Lc  clock_S32K1xx.o [1]
CLOCK_SYS_SetScgConfiguration
                           0x3'b341     0x9e  Code  Lc  clock_S32K1xx.o [1]
CLOCK_SYS_SetSimConfiguration
                           0x3'b465     0xd8  Code  Lc  clock_S32K1xx.o [1]
CLOCK_SYS_SetSystemClockConfig
                           0x3'c2f5    0x168  Code  Lc  clock_S32K1xx.o [1]
CLOCK_SYS_SetSystemClockConfig::maxClocksFreq
                           0x4'4d10     0x24  Data  Lc  clock_S32K1xx.o [1]
CLOCK_SYS_TransitionSystemClock
                           0x3'bb85     0x78  Code  Lc  clock_S32K1xx.o [1]
CLOCK_SYS_UpdateConfiguration
                           0x3'909d    0x12c  Code  Gb  clock_manager.o [1]
CRC_DRV_Configure          0x3'8feb     0x60  Code  Gb  crc_driver.o [1]
CRC_DRV_Deinit             0x3'8f77     0x22  Code  Gb  crc_driver.o [1]
CRC_DRV_GetCrcResult       0x3'8fcb     0x20  Code  Gb  crc_driver.o [1]
CRC_DRV_Init               0x3'8f39     0x3e  Code  Gb  crc_driver.o [1]
CRC_DRV_WriteData          0x3'8f99     0x32  Code  Gb  crc_driver.o [1]
CRC_GetCrcResult           0x3'abbb     0x3c  Code  Gb  crc_hw_access.o [1]
CRC_GetDataHReg            0x3'aa99      0x4  Code  Lc  crc_hw_access.o [1]
CRC_GetDataLReg            0x3'aa9d      0x4  Code  Lc  crc_hw_access.o [1]
CRC_GetDataReg             0x3'aa91      0x4  Code  Lc  crc_hw_access.o [1]
CRC_GetProtocolWidth       0x3'aae1     0x14  Code  Lc  crc_hw_access.o [1]
CRC_GetReadTranspose       0x3'ab19     0x26  Code  Lc  crc_hw_access.o [1]
CRC_Init                   0x3'ab53     0x48  Code  Gb  crc_hw_access.o [1]
CRC_SetDataLLReg           0x3'8edb      0x4  Code  Lc  crc_driver.o [1]
CRC_SetDataReg             0x3'aa95      0x4  Code  Lc  crc_hw_access.o [1]
CRC_SetFXorMode            0x3'8ee3     0x1e  Code  Lc  crc_driver.o [1]
CRC_SetFXorMode            0x3'aac3     0x1e  Code  Lc  crc_hw_access.o [1]
CRC_SetPolyReg             0x3'8edf      0x4  Code  Lc  crc_driver.o [1]
CRC_SetPolyReg             0x3'aaa1      0x4  Code  Lc  crc_hw_access.o [1]
CRC_SetProtocolWidth       0x3'8f01     0x14  Code  Lc  crc_driver.o [1]
CRC_SetProtocolWidth       0x3'aaf5     0x14  Code  Lc  crc_hw_access.o [1]
CRC_SetReadTranspose       0x3'8f25     0x14  Code  Lc  crc_driver.o [1]
CRC_SetReadTranspose       0x3'ab3f     0x14  Code  Lc  crc_hw_access.o [1]
CRC_SetSeedOrDataMode      0x3'aaa5     0x1e  Code  Lc  crc_hw_access.o [1]
CRC_SetSeedReg             0x3'ab9b     0x20  Code  Gb  crc_hw_access.o [1]
CRC_SetWriteTranspose      0x3'8f15     0x10  Code  Lc  crc_driver.o [1]
CRC_SetWriteTranspose      0x3'ab09     0x10  Code  Lc  crc_hw_access.o [1]
CSTACK$$Base            0x2000'6c00            --   Gb  - Linker created -
CSTACK$$Limit           0x2000'7000            --   Gb  - Linker created -
CanCallback                0x3'4f75     0x8c  Code  Lc  S32K_CanDma.o [1]
CanObj_0                0x2000'3784    0x104  Data  Lc  S32K_CanDma.o [1]
CanObj_1                0x2000'3888    0x104  Data  Lc  S32K_CanDma.o [1]
Can_Obj_Config          0x1fff'8f48     0x28  Data  Lc  S32K_CanDma.o [1]
CfgAuxAn                0x2000'277c      0xc  Data  Lc  isobus.o [1]
CfgAuxBool              0x2000'2788     0x30  Data  Lc  isobus.o [1]
CfgkeyIndex             0x2000'27b8     0x10  Data  Lc  isobus.o [1]
ChangeAttribNumTx       0x2000'6082      0x1  Data  Lc  isobus.o [1]
ChangeAttribOk          0x2000'6080      0x1  Data  Lc  isobus.o [1]
ChangeAttribRequest     0x2000'6081      0x1  Data  Lc  isobus.o [1]
ChangeNumValueRequest   0x2000'6085      0x1  Data  Lc  isobus.o [1]
ContainerAnShow         0x2000'6072      0x1  Data  Lc  isobus.o [1]
ContainerAxisShow       0x2000'2e0c      0x4  Data  Lc  isobus.o [1]
ContainerP0Show         0x2000'6071      0x1  Data  Lc  isobus.o [1]
ContainerShow           0x2000'2774      0x4  Data  Lc  isobus.o [1]
DMA0_IRQHandler            0x4'4339      0xa  Code  Gb  edma_irq.o [1]
DMA10_IRQHandler           0x4'439d      0xa  Code  Gb  edma_irq.o [1]
DMA11_IRQHandler           0x4'43a7      0xa  Code  Gb  edma_irq.o [1]
DMA12_IRQHandler           0x4'43b1      0xa  Code  Gb  edma_irq.o [1]
DMA13_IRQHandler           0x4'43bb      0xa  Code  Gb  edma_irq.o [1]
DMA14_IRQHandler           0x4'43c5      0xa  Code  Gb  edma_irq.o [1]
DMA15_IRQHandler           0x4'43cf      0xa  Code  Gb  edma_irq.o [1]
DMA1_IRQHandler            0x4'4343      0xa  Code  Gb  edma_irq.o [1]
DMA2_IRQHandler            0x4'434d      0xa  Code  Gb  edma_irq.o [1]
DMA3_IRQHandler            0x4'4357      0xa  Code  Gb  edma_irq.o [1]
DMA4_IRQHandler            0x4'4361      0xa  Code  Gb  edma_irq.o [1]
DMA5_IRQHandler            0x4'436b      0xa  Code  Gb  edma_irq.o [1]
DMA6_IRQHandler            0x4'4375      0xa  Code  Gb  edma_irq.o [1]
DMA7_IRQHandler            0x4'437f      0xa  Code  Gb  edma_irq.o [1]
DMA8_IRQHandler            0x4'4389      0xa  Code  Gb  edma_irq.o [1]
DMA9_IRQHandler            0x4'4393      0xa  Code  Gb  edma_irq.o [1]
DMAMUX_SetChannelSource
                           0x3'd3fb     0x2e  Code  Lc  edma_driver.o [1]
DMA_Error_IRQHandler       0x4'43d9     0x2e  Code  Gb  edma_irq.o [1]
DevAssert                  0x3'd8d9     0x12  Code  Lc  adc_driver.o [1]
DevAssert                  0x3'a21d     0x12  Code  Lc  adc_pal.o [1]
DevAssert                  0x3'9051     0x12  Code  Lc  clock_manager.o [1]
DevAssert                  0x3'abf9     0x12  Code  Lc  clock_S32K1xx.o [1]
DevAssert                  0x3'8ec9     0x12  Code  Lc  crc_driver.o [1]
DevAssert                  0x3'd22d     0x12  Code  Lc  edma_driver.o [1]
DevAssert                  0x3'f8ad     0x12  Code  Lc  edma_hw_access.o [1]
DevAssert                  0x3'f531     0x12  Code  Lc  flash_driver.o [1]
DevAssert                  0x3'9325     0x12  Code  Lc  flexcan_driver.o [1]
DevAssert                  0x3'c685     0x12  Code  Lc  flexcan_hw_access.o [1]
DevAssert                  0x4'1149     0x12  Code  Lc  flexio_common.o [1]
DevAssert                  0x4'1519     0x12  Code  Lc  flexio_spi_driver.o [1]
DevAssert                  0x3'a0e1     0x12  Code  Lc  interrupt_manager.o [1]
DevAssert                  0x3'ef91     0x12  Code  Lc  lpit_driver.o [1]
DevAssert                  0x3'e199     0x12  Code  Lc  lpspi_master_driver.o [1]
DevAssert                  0x3'ea1d     0x12  Code  Lc  lpspi_slave_driver.o [1]
DevAssert                  0x3'd0b1     0x12  Code  Lc  osif_baremetal.o [1]
DevAssert                  0x3'e009     0x12  Code  Lc  pdb_driver.o [1]
DevAssert                  0x3'fba9     0x12  Code  Lc  pdb_hw_access.o [1]
DevAssert                  0x3'91cd     0x12  Code  Lc  pins_port_hw_access.o [1]
DevAssert                  0x3'5555     0x12  Code  Lc  S32K_Adc.o [1]
DevAssert                  0x4'05b5     0x12  Code  Lc  S32K_Driver.o [1]
DevAssert                  0x3'4b15     0x12  Code  Lc  S32K_SysPin.o [1]
DevAssert                  0x3'dfad     0x12  Code  Lc  trgmux_driver.o [1]
DevAssert                  0x3'fb21     0x12  Code  Lc  trgmux_hw_access.o [1]
Digital_CfgUpdate          0x3'471b    0x2b8  Code  Lc  digital.o [1]
Digital_GetExternalError
                           0x3'4a03      0x6  Code  Gb  digital.o [1]
Digital_GetValue           0x3'49d3     0x30  Code  Gb  digital.o [1]
Digital_In              0x1fff'85c8     0xfc  Data  Lc  digital.o [1]
Digital_Init               0x3'4a09     0x56  Code  Gb  digital.o [1]
Digital_InputErrorCheck
                           0x3'3fb9     0x38  Code  Lc  digital.o [1]
Digital_InputEval          0x3'3ff1    0x5ce  Code  Lc  digital.o [1]
Digital_Main               0x3'4a5f     0x60  Code  Gb  digital.o [1]
Digital_Main::first_entry_in_main
                        0x1fff'8fcf      0x1  Data  Lc  digital.o [1]
Digital_cfgInputType    0x2000'1f0c      0x4  Data  Lc  digital.o [1]
Digital_cfgSetup_11_12  0x2000'1f30      0x4  Data  Lc  digital.o [1]
Digital_cfgSetup_13_14  0x2000'1f34      0x4  Data  Lc  digital.o [1]
Digital_cfgSetup_1_2    0x2000'1f1c      0x4  Data  Lc  digital.o [1]
Digital_cfgSetup_3_4    0x2000'1f20      0x4  Data  Lc  digital.o [1]
Digital_cfgSetup_5_6    0x2000'1f24      0x4  Data  Lc  digital.o [1]
Digital_cfgSetup_7_8    0x2000'1f28      0x4  Data  Lc  digital.o [1]
Digital_cfgSetup_9_10   0x2000'1f2c      0x4  Data  Lc  digital.o [1]
Digital_cfgWaitNeed     0x2000'1f10      0x4  Data  Lc  digital.o [1]
Digital_cfgWaitValue    0x2000'1f14      0x4  Data  Lc  digital.o [1]
Digital_inputExternalError
                        0x2000'605c      0x1  Data  Lc  digital.o [1]
Digital_inputMonitor_1_16
                        0x2000'1f18      0x4  Data  Lc  digital.o [1]
Digital_paramFromRAMUpdate
                           0x3'464f     0xcc  Code  Lc  digital.o [1]
Digital_paramToRAMUpdate
                           0x3'45bf     0x90  Code  Lc  digital.o [1]
EDMA_ClearDoneStatusFlag
                           0x3'd27b     0x1e  Code  Lc  edma_driver.o [1]
EDMA_ClearErrorIntStatusFlag
                           0x3'd25d     0x1e  Code  Lc  edma_driver.o [1]
EDMA_ClearIntStatusFlag
                           0x3'd299     0x1e  Code  Lc  edma_driver.o [1]
EDMA_DRV_ClearIntStatus
                           0x3'd47d     0x2e  Code  Lc  edma_driver.o [1]
EDMA_DRV_ConfigMultiBlockTransfer
                           0x3'd6cf     0x9e  Code  Gb  edma_driver.o [1]
EDMA_DRV_ConfigSingleBlockTransfer
                           0x3'd539    0x196  Code  Gb  edma_driver.o [1]
EDMA_DRV_ErrorIRQHandler
                           0x3'd4d5     0x64  Code  Gb  edma_driver.o [1]
EDMA_DRV_GetDmaRegBaseAddr
                           0x3'd8b5     0x1c  Code  Gb  edma_driver.o [1]
EDMA_DRV_IRQHandler        0x3'd4ab     0x2a  Code  Gb  edma_driver.o [1]
EDMA_DRV_InstallCallback
                           0x3'd429     0x54  Code  Gb  edma_driver.o [1]
EDMA_DRV_SetChannelRequest
[...]
Saej_TPTxMain              0x3'1171    0x76c  Code  Lc  saej1939.o [1]
Saej_TPTxMain::timeCMPauseTh
                        0x1fff'8fc8      0x4  Data  Lc  saej1939.o [1]
Saej_TPTxStatusGet         0x3'2cdd     0x36  Code  Gb  saej1939.o [1]
Saej_TPTxUpdate            0x3'098d    0x7b6  Code  Lc  saej1939.o [1]
Saej_TPTxUpdate::bufferCycleNum
                        0x2000'5f14      0x8  Data  Lc  saej1939.o [1]
Saej_TPTxUpdate::bufferIndex
                        0x2000'5f0c      0x8  Data  Lc  saej1939.o [1]
Saej_TxAddressClaim        0x2'f6e5     0x72  Code  Lc  saej1939.o [1]
Saej_TxMsgServe            0x3'2aa5    0x166  Code  Lc  saej1939.o [1]
Saej_TxRequestAddressClaim
                           0x2'f679     0x5e  Code  Lc  saej1939.o [1]
Saej_address            0x2000'609b      0x1  Data  Lc  saej1939.o [1]
Saej_addressClaimResult
                        0x2000'6099      0x1  Data  Lc  saej1939.o [1]
Saej_addressClaimedNum  0x2000'6098      0x1  Data  Lc  saej1939.o [1]
Saej_axis               0x2000'41ec     0x80  Data  Gb  saej1939.o [1]
Saej_bufferTxBJM        0x2000'41cc      0x8  Data  Gb  saej1939.o [1]
Saej_bufferTxEJM        0x2000'41d4      0x8  Data  Gb  saej1939.o [1]
Saej_bufferTxEJM2       0x2000'41dc      0x8  Data  Gb  saej1939.o [1]
Saej_cfgAxes            0x2000'3f94      0x4  Data  Gb  saej1939.o [1]
Saej_cfgDetent          0x2000'604c      0x2  Data  Lc  saej1939.o [1]
Saej_cfgPushButton      0x2000'604a      0x2  Data  Lc  saej1939.o [1]
Saej_commandedAddressStatus
                        0x2000'609d      0x1  Data  Lc  saej1939.o [1]
Saej_defaultAddress     0x2000'609a      0x1  Data  Lc  saej1939.o [1]
Saej_dutAsciiCode       0x2000'5e94      0xc  Data  Lc  saej1939.o [1]
Saej_dutAsciiManufacturerCode
                        0x2000'5eb0      0x8  Data  Lc  saej1939.o [1]
Saej_dutHardwareId      0x2000'5ea8      0x8  Data  Lc  saej1939.o [1]
Saej_dutManufacturerCode
                        0x2000'604e      0x2  Data  Lc  saej1939.o [1]
Saej_dutSerialNum       0x2000'5ea0      0x8  Data  Lc  saej1939.o [1]
Saej_dutSerialNumToShow
                        0x2000'5eb8      0xc  Data  Lc  saej1939.o [1]
Saej_error              0x2000'5e5c     0x10  Data  Lc  saej1939.o [1]
Saej_isSelfConfigurableDevice
                        0x2000'609c      0x1  Data  Lc  saej1939.o [1]
Saej_isoName            0x2000'41e4      0x8  Data  Lc  saej1939.o [1]
Saej_isobusEn           0x2000'60a7      0x1  Data  Lc  saej1939.o [1]
Saej_ledCmd             0x2000'5e6c     0x10  Data  Lc  saej1939.o [1]
Saej_ledCmdEn           0x2000'609f      0x1  Data  Lc  saej1939.o [1]
Saej_ledDrive           0x2000'60a5      0x1  Data  Lc  saej1939.o [1]
Saej_ledDuty            0x2000'60a6      0x1  Data  Lc  saej1939.o [1]
Saej_ledEn              0x2000'60a0      0x1  Data  Lc  saej1939.o [1]
Saej_ledErrorIndex      0x2000'60a4      0x1  Data  Lc  saej1939.o [1]
Saej_ledFilterEn           0x2'ec83     0x36  Code  Lc  saej1939.o [1]
Saej_ledInternalDuty    0x2000'60a3      0x1  Data  Lc  saej1939.o [1]
Saej_ledInternalValue   0x2000'60a2      0x1  Data  Lc  saej1939.o [1]
Saej_msgJoyOnChangeBaseTimeOut_us
                        0x2000'5e80      0x4  Data  Lc  saej1939.o [1]
Saej_msgJoyOnChangeRefreshTimeOut_us
                        0x2000'5e84      0x4  Data  Lc  saej1939.o [1]
Saej_msgJoyTimeOut_us   0x2000'5e7c      0x4  Data  Lc  saej1939.o [1]
Saej_paramFromRAMUpdate
                           0x2'f001    0x4bc  Code  Lc  saej1939.o [1]
Saej_paramToRAMUpdate      0x2'ed3d    0x2bc  Code  Lc  saej1939.o [1]
Saej_pushButtonEn       0x2000'3fac     0x10  Data  Lc  saej1939.o [1]
Saej_pushButtonGetResult
                        0x2000'3fbc     0x10  Data  Lc  saej1939.o [1]
Saej_pushButtonIndex    0x2000'3f9c     0x10  Data  Lc  saej1939.o [1]
Saej_pushButtonStatus   0x2000'3f98      0x4  Data  Gb  saej1939.o [1]
Saej_rollerIndex        0x2000'3fcc      0x8  Data  Lc  saej1939.o [1]
Saej_status             0x2000'426c      0xc  Data  Lc  saej1939.o [1]
Saej_statusDM1          0x2000'4284      0xc  Data  Lc  saej1939.o [1]
Saej_statusTPRx         0x2000'4278      0xc  Data  Lc  saej1939.o [1]
Saej_tpBuffUpdate          0x3'06cd     0x3c  Code  Lc  saej1939.o [1]
Saej_tpRxBuff           0x2000'588c     0x30  Data  Lc  saej1939.o [1]
Saej_txOnChange         0x2000'60a1      0x1  Data  Lc  saej1939.o [1]
Set_SlaveOutasTreeState
                           0x3'a699     0x32  Code  Lc  S32K_LpSpi.o [1]
Set_SlaveOutasTreeState::SPI_BASE_ARR
                        0x1fff'8fa4      0xc  Data  Lc  S32K_LpSpi.o [1]
StepAuxInputValue       0x2000'606d      0x1  Data  Lc  isobus.o [1]
StepContainer           0x2000'606f      0x1  Data  Lc  isobus.o [1]
StepGraphAttributesValue
                        0x2000'606c      0x1  Data  Lc  isobus.o [1]
StepObjectPointerValue  0x2000'606e      0x1  Data  Lc  isobus.o [1]
StepWSDM                0x2000'6070      0x1  Data  Lc  isobus.o [1]
Supply_ErrorGet            0x3'8613     0x2e  Code  Gb  supply.o [1]
Supply_Init                0x3'864d     0x12  Code  Gb  supply.o [1]
Supply_Main                0x3'865f     0x16  Code  Gb  supply.o [1]
Supply_VbbProtInit         0x3'8199     0x32  Code  Lc  supply.o [1]
Supply_VbbProtMain         0x3'822b    0x196  Code  Lc  supply.o [1]
Supply_VccExtInit          0x3'81fb     0x30  Code  Lc  supply.o [1]
Supply_VccExtMain          0x3'84d9    0x118  Code  Lc  supply.o [1]
Supply_VccInit             0x3'81cb     0x30  Code  Lc  supply.o [1]
Supply_VccMain             0x3'83c1    0x118  Code  Lc  supply.o [1]
Supply_paramToRAMUpdate
                           0x3'85f1     0x22  Code  Lc  supply.o [1]
Supply_vbbProt          0x2000'5f20     0x18  Data  Lc  supply.o [1]
Supply_vcc              0x2000'5f38     0x18  Data  Lc  supply.o [1]
Supply_vccExt           0x2000'5f50     0x18  Data  Lc  supply.o [1]
SysTick_Handler            0x3'd0d3      0x8  Code  Gb  osif_baremetal.o [1]
SystemInit                 0x4'4b15     0x2e  Code  Gb  system_S32K144.o [1]
TLF_Spi_Init               0x4'0917     0x52  Code  Gb  TLF_Spi.o [1]
TLF_Spi_Main               0x4'0969    0x748  Code  Gb  TLF_Spi.o [1]
TLF_Spi_Main::TLFmaster_recv
                        0x2000'6010      0x8  Data  Lc  TLF_Spi.o [1]
TLF_Spi_Main::TLFmaster_send
                        0x2000'6008      0x8  Data  Lc  TLF_Spi.o [1]
TLF_Spi_Main::edgeResetCounter
                        0x2000'6058      0x2  Data  Lc  TLF_Spi.o [1]
TLF_Spi_Main::retryCnt  0x2000'60b0      0x1  Data  Lc  TLF_Spi.o [1]
TLF_Spi_Main::tlfErrorCounter
                        0x2000'60af      0x1  Data  Lc  TLF_Spi.o [1]
TLF_Spi_Main::trigErrCounter
                        0x2000'60b2      0x1  Data  Lc  TLF_Spi.o [1]
TLF_Spi_Main::trigPrevValue
                        0x2000'60b1      0x1  Data  Lc  TLF_Spi.o [1]
TLF_Spi_TxBufferBuild      0x4'08cd     0x4a  Code  Lc  TLF_Spi.o [1]
TLF_StartedOK           0x2000'60ae      0x1  Data  Gb  TLF_Spi.o [1]
TLFmaster_recv_BuckCfg  0x2000'5ff0      0x8  Data  Gb  TLF_Spi.o [1]
TLFmaster_recv_BuckCfgCheck
                        0x2000'5ff8      0x8  Data  Gb  TLF_Spi.o [1]
TLFmaster_recv_BuckFreSpread
                        0x2000'5fe0      0x8  Data  Gb  TLF_Spi.o [1]
TLFmaster_recv_BuckFreSpreadRead
                        0x2000'5fe8      0x8  Data  Gb  TLF_Spi.o [1]
TLFmaster_recv_DevCtrl  0x2000'5fd0      0x8  Data  Gb  TLF_Spi.o [1]
TLFmaster_recv_DevCtrlN
                        0x2000'5fd8      0x8  Data  Gb  TLF_Spi.o [1]
TLFmaster_recv_Lock1    0x2000'5f78      0x8  Data  Gb  TLF_Spi.o [1]
TLFmaster_recv_Lock2    0x2000'5f80      0x8  Data  Gb  TLF_Spi.o [1]
TLFmaster_recv_Lock3    0x2000'5f88      0x8  Data  Gb  TLF_Spi.o [1]
TLFmaster_recv_Lock4    0x2000'5f90      0x8  Data  Gb  TLF_Spi.o [1]
TLFmaster_recv_MONSF0   0x2000'6000      0x8  Data  Gb  TLF_Spi.o [1]
TLFmaster_recv_ProtStat
                        0x2000'5f98      0x8  Data  Gb  TLF_Spi.o [1]
TLFmaster_recv_ProtStat2
                        0x2000'5fa0      0x8  Data  Gb  TLF_Spi.o [1]
TLFmaster_recv_Sys      0x2000'5fa8      0x8  Data  Gb  TLF_Spi.o [1]
TLFmaster_recv_UnLock1  0x2000'5fb0      0x8  Data  Gb  TLF_Spi.o [1]
TLFmaster_recv_UnLock2  0x2000'5fb8      0x8  Data  Gb  TLF_Spi.o [1]
TLFmaster_recv_UnLock3  0x2000'5fc0      0x8  Data  Gb  TLF_Spi.o [1]
TLFmaster_recv_UnLock4  0x2000'5fc8      0x8  Data  Gb  TLF_Spi.o [1]
TLFmaster_recv_WDCFG0   0x2000'5f68      0x8  Data  Gb  TLF_Spi.o [1]
TLFmaster_recv_WWDCFG1  0x2000'5f70      0x8  Data  Gb  TLF_Spi.o [1]
TRGMUX_DRV_SetTrigSourceForTargetModule
                           0x3'dfbf     0x46  Code  Gb  trgmux_driver.o [1]
TRGMUX_GetLockForTargetModule
                           0x3'fb7b     0x2e  Code  Gb  trgmux_hw_access.o [1]
TRGMUX_SetTrigSourceForTargetModule
                           0x3'fb33     0x48  Code  Gb  trgmux_hw_access.o [1]
Task_Driver                0x4'0785     0x3e  Code  Lc  S32K_Driver.o [1]
Task_WDT                   0x4'07c5     0x16  Code  Lc  S32K_Driver.o [1]
Timer_ScheduleExecute      0x3'a943     0x32  Code  Gb  S32K_Timer.o [1]
Timer_ScheduleInit         0x3'a911     0x32  Code  Gb  S32K_Timer.o [1]
Timer_ScheduleTickUpdate
                           0x3'a8ff     0x12  Code  Gb  S32K_Timer.o [1]
Timer_tickTime          0x2000'3f90      0x4  Data  Lc  S32K_Timer.o [1]
WriteResult             0x2000'605d      0x1  Data  Lc  flash.o [1]
ZI$$Base                0x1fff'f000            --   Gb  - Linker created -
ZI$$Limit               0x2000'60b3            --   Gb  - Linker created -
__BOOT_ACTIVE__ {Abs}           0x1           Data  Gb  <internal module>
__CODE_RAM$$Base        0x1fff'8fd8            --   Gb  - Linker created -
__CODE_RAM$$Limit       0x1fff'9010            --   Gb  - Linker created -
__CODE_ROM$$Base           0x4'4c48            --   Gb  - Linker created -
__CODE_ROM$$Limit          0x4'4c80            --   Gb  - Linker created -
__ICFEDIT_region_RAM_end__ {Abs}
                        0x2000'6fff           Data  Gb  <internal module>
__ICFEDIT_region_RAM_start__ {Abs}
                        0x1fff'8000           Data  Gb  <internal module>
__RAM_VECTOR_TABLE_SIZE {Abs}
                              0x400           Data  Gb  <internal module>
__STACK_BOTTOM_CTRL__ {Abs}
                        0x2000'6bf0           Data  Gb  <internal module>
__VECTOR_RAM {Abs}      0x1fff'8000           Data  Gb  <internal module>
__VECTOR_TABLE {Abs}         0x1020           Data  Gb  <internal module>
__Vectors                    0x1020            --   Gb  startup_S32K144.o [1]
__Vectors_End                0x1420           Data  Gb  startup_S32K144.o [1]
__Vectors_Size {Abs}          0x400            --   Gb  startup_S32K144.o [1]
__aeabi_ldiv0              0x4'0825           Code  Gb  I64DivZer.o [4]
__aeabi_memclr4            0x4'0111           Code  Gb  ABImemclr4.o [4]
__aeabi_memcpy             0x3'54ad           Code  Gb  ABImemcpy.o [4]
__aeabi_memcpy4            0x3'54cd           Code  Gb  ABImemcpy.o [4]
__aeabi_memcpy8            0x3'54cd           Code  Gb  ABImemcpy.o [4]
__aeabi_memset             0x3'3a3d           Code  Gb  ABImemset.o [4]
__aeabi_uldivmod           0x4'0385           Code  Gb  I64DivMod.o [4]
__cmain                    0x4'4e39           Code  Gb  cmain.o [4]
__exit                     0x4'4e6d     0x14  Code  Gb  exit.o [5]
__iar_Memset               0x3'3a3d           Code  Gb  ABImemset.o [4]
__iar_Memset4_word         0x4'07f1           Code  Gb  ABImemset48.o [4]
__iar_Memset8_word         0x4'07f1           Code  Gb  ABImemset48.o [4]
__iar_Memset_word          0x3'3a45           Code  Gb  ABImemset.o [4]
__iar_init_vfp             0x4'4d35           Code  Gb  fpinit_M.o [3]
__iar_program_start        0x4'5055           Code  Gb  cstartup_M.o [4]
__low_level_init           0x4'4e57      0x4  Code  Gb  low_level_init.o [2]
__vector_table               0x1020           Data  Gb  startup_S32K144.o [1]
__vector_table_0x1c          0x103c           Data  Gb  startup_S32K144.o [1]
_call_main                 0x4'4e45           Code  Gb  cmain.o [4]
_exit                      0x4'4e61           Code  Gb  cexit.o [4]
_main                      0x4'4e53           Code  Gb  cmain.o [4]
adcPalState             0x1fff'f028     0x28  Data  Lc  adc_pal.o [1]
adcPalTrgmuxTarget         0x3'5552      0x2  Data  Gb  adc_pal.o [1]
addressCheck            0x2000'1d78     0x18  Data  Lc  AppTranslate.o [1]
canCom1_InitConfig0        0x4'4bd8     0x38  Data  Gb  canCom1.o [1]
canCom1_State           0x2000'1dd8    0x10c  Data  Gb  canCom1.o [1]
clockMan1_InitConfig0   0x1fff'854c     0x78  Data  Gb  clockMan1.o [1]
clockNameMappings          0x4'4584     0xa0  Data  Gb  clock_S32K1xx.o [1]
crc1_InitConfig0           0x4'4fa0     0x10  Data  Gb  crc1.o [1]
datoRead_01             0x1fff'f058      0x4  Data  Lc  application.o [1]
datoRead_02             0x1fff'f05c      0x4  Data  Lc  application.o [1]
edgeCounter             0x2000'6093      0x1  Data  Gb  S32K_SysPin.o [1]
exit                       0x4'4e5b      0x4  Code  Gb  exit.o [2]
flashSSDConfig          0x2000'3d10     0x1c  Data  Lc  S32K_Flash.o [1]
flexio_M4_MasterConfig0
                           0x4'4e80     0x1c  Data  Gb  flexio_M4.o [1]
g_MyflexcanBase            0x4'5024      0xc  Data  Lc  flexcan_irq.o [1]
g_RtcClkInFreq          0x2000'1f00      0x4  Data  Gb  clock_S32K1xx.o [1]
g_TClkFreq              0x2000'1ef4      0xc  Data  Gb  clock_S32K1xx.o [1]
g_clockManCallbacksArr  0x2000'1f08      0x4  Data  Gb  clockMan1.o [1]
g_clockManConfigsArr    0x1fff'85c4      0x4  Data  Gb  clockMan1.o [1]
g_clockState            0x2000'1ee4     0x10  Data  Lc  clock_manager.o [1]
g_flexcanBase              0x4'5000      0xc  Data  Lc  flexcan_driver.o [1]
g_flexcanBusOffIrqId       0x4'50d4      0x4  Data  Lc  flexcan_driver.o [1]
g_flexcanErrorIrqId        0x4'50d0      0x4  Data  Lc  flexcan_driver.o [1]
g_flexcanOredMessageBufferIrqId
                           0x4'5090      0x8  Data  Lc  flexcan_driver.o [1]
g_flexcanStatePtr       0x2000'1f74      0xc  Data  Lc  flexcan_driver.o [1]
g_flexcanWakeUpIrqId       0x4'50cc      0x4  Data  Lc  flexcan_driver.o [1]
g_flexioBase               0x4'50d8      0x4  Data  Gb  flexio_common.o [1]
g_flexioClock              0x4'4d57      0x1  Data  Gb  flexio_common.o [1]
g_flexioDMASrc             0x4'50dc      0x4  Data  Gb  flexio_common.o [1]
g_flexioDeviceStatePtr  0x2000'1f80      0x4  Data  Gb  flexio_common.o [1]
g_flexioIrqId              0x4'4d56      0x1  Data  Gb  flexio_common.o [1]
g_interruptDisableCount
                        0x2000'1f84      0x4  Data  Lc  interrupt_manager.o [1]
g_lpspiBase             0x1fff'86c4      0xc  Data  Gb  lpspi_shared_function.o [1]
g_lpspiIrqId            0x1fff'86d0      0x4  Data  Gb  lpspi_shared_function.o [1]
g_lpspiStatePtr         0x2000'2f48      0xc  Data  Gb  lpspi_shared_function.o [1]
g_pin_mux_InitConfigArr
                        0x1fff'86ec    0x858  Data  Gb  pin_mux.o [1]
g_xtal0ClkFreq          0x2000'1f04      0x4  Data  Gb  clock_S32K1xx.o [1]
init_data_bss              0x4'4409     0xc4  Code  Gb  startup.o [1]
isobus_KeyModeFirstEntry
                        0x2000'6088      0x1  Data  Lc  isobus.o [1]
isobus_Label            0x2000'2e14      0x8  Data  Lc  isobus.o [1]
isobus_LedMsgDrive      0x2000'6087      0x1  Data  Lc  isobus.o [1]
isobus_LedOut           0x2000'2e10      0x4  Data  Lc  isobus.o [1]
isobus_MsgRxCounter     0x2000'6086      0x1  Data  Lc  isobus.o [1]
isobus_Net              0x2000'2030     0x10  Data  Lc  isobus.o [1]
isobus_Vt               0x2000'2040     0x30  Data  Lc  isobus.o [1]
ledDutyEn               0x2000'1dd4      0x4  Data  Lc  AppTranslate.o [1]
ledError                0x2000'1d90     0x40  Data  Lc  AppTranslate.o [1]
ledErrorIsPresent       0x2000'1dd0      0x4  Data  Lc  AppTranslate.o [1]
main                       0x3'f50b     0x1e  Code  Gb  main.o [1]
osif_DisableIrqGlobal      0x3'd135      0x8  Code  Lc  osif_baremetal.o [1]
osif_EnableIrqGlobal       0x3'd13d      0x8  Code  Lc  osif_baremetal.o [1]
osif_GetCurrentTickCount
                           0x3'd0cd      0x6  Code  Lc  osif_baremetal.o [1]
osif_Tick                  0x3'd0c3      0xa  Code  Lc  osif_baremetal.o [1]
osif_UpdateTickConfig      0x3'd0db     0x4e  Code  Lc  osif_baremetal.o [1]
peripheralClockConfig0  0x1fff'84d8     0x74  Data  Gb  clockMan1.o [1]
peripheralFeaturesList     0x4'4ac4     0x50  Data  Gb  clock_S32K1xx.o [1]
poolBufferIndex         0x2000'2778      0x4  Data  Lc  isobus.o [1]
resultETPTx             0x2000'6052      0x2  Data  Lc  saej1939.o [1]
resultTPTx              0x2000'6050      0x2  Data  Lc  saej1939.o [1]
rxBuffer_0              0x2000'3de4      0x8  Data  Lc  S32K_LpSpi.o [1]
rxBuffer_1              0x2000'3e4c      0x8  Data  Lc  S32K_LpSpi.o [1]
rxBuffer_2              0x2000'6048      0x2  Data  Lc  S32K_LpSpi.o [1]
s_adcBase                  0x4'5088      0x8  Data  Lc  adc_driver.o [1]
s_baudratePrescaler        0x4'4d58     0x20  Data  Lc  lpspi_hw_access.o [1]
s_baudratePrescaler        0x4'4d78     0x20  Data  Lc  lpspi_master_driver.o [1]
s_crcBase                  0x4'50c0      0x4  Data  Lc  crc_driver.o [1]
s_dmaMuxBase               0x4'50c8      0x4  Data  Lc  edma_driver.o [1]
s_edmaBase                 0x4'50c4      0x4  Data  Lc  edma_driver.o [1]
s_lpitBase                 0x4'50e4      0x4  Data  Lc  lpit_driver.o [1]
s_lpitClkNames             0x4'4e36      0x1  Data  Lc  lpit_driver.o [1]
s_lpitSourceClockFrequency
                        0x2000'2f44      0x4  Data  Lc  lpit_driver.o [1]
s_osif_tick_cnt         0x2000'33d8      0x4  Data  Lc  osif_baremetal.o [1]
s_pdbBase                  0x4'5098      0x8  Data  Lc  pdb_driver.o [1]
s_pdbIrqId                 0x3'a0de      0x2  Data  Lc  pdb_driver.o [1]
s_trgmuxBase               0x4'50ec      0x4  Data  Lc  trgmux_driver.o [1]
s_virtEdmaState         0x2000'1f38      0x4  Data  Lc  edma_driver.o [1]
saej_FNR                0x2000'5e88      0x4  Data  Lc  saej1939.o [1]
saej_wstButtonIndex_1_8
                        0x2000'5e8c      0x4  Data  Lc  saej1939.o [1]
saej_wstButtonIndex_9_15
                        0x2000'5e90      0x4  Data  Lc  saej1939.o [1]
spnIndex                0x1fff'8fd6      0x1  Data  Gb  saej1939.o [1]
stringWidthScaled       0x2000'6020      0x2  Data  Lc  isobus.o [1]
tlfCounter              0x2000'6056      0x2  Data  Lc  TLF_Spi.o [1]
tlfGoToRecovery         0x2000'6096      0x1  Data  Gb  S32K_SysPin.o [1]
tlfIntFlag              0x2000'6094      0x1  Data  Gb  S32K_SysPin.o [1]
tlfMONSFVal             0x2000'60ad      0x1  Data  Gb  TLF_Spi.o [1]
tlfMONSFValToCAN        0x2000'6097      0x1  Data  Gb  S32K_SysPin.o [1]
tlfStatus               0x2000'60aa      0x1  Data  Gb  TLF_Spi.o [1]
tlfStatusCheckWIP       0x2000'6095      0x1  Data  Gb  S32K_SysPin.o [1]
tlfStatusPre            0x2000'60ab      0x1  Data  Gb  TLF_Spi.o [1]
tlfTrigger              0x2000'60ac      0x1  Data  Gb  TLF_Spi.o [1]
txBuffer_0              0x2000'3ddc      0x8  Data  Lc  S32K_LpSpi.o [1]
txBuffer_1              0x2000'3e44      0x8  Data  Lc  S32K_LpSpi.o [1]
txBuffer_2              0x2000'6046      0x2  Data  Lc  S32K_LpSpi.o [1]


[1] = D:\A_Lavoro\Plugfest 2023\SW0280001\IAR_Debug\Obj
[2] = dl7M_tln.a
[3] = m7M_tls.a
[4] = rt7M_tl.a
[5] = shb_l.a

  109 539 bytes of readonly  code memory
       56 bytes of readwrite code memory
  169 185 bytes of readonly  data memory (+ 16 absolute)
   32 907 bytes of readwrite data memory

Errors: none
Warnings: none
